[Wed Mar  1 17:38:27 2023] Linux version 4.18.0-372.36.1.el8_6.x86_64 (mockbuild@x86-vm-07.build.eng.bos.redhat.com) (gcc version 8.5.0 20210514 (Red Hat 8.5.0-10) (GCC)) #1 SMP Thu Nov 17 16:37:07 EST 2022
[Wed Mar  1 17:38:27 2023] Command line: vmlinuz-4.18.0-372.36.1.el8_6.x86_64 initrd=initramfs-4.18.0-372.36.1.el8_6.x86_64.img ROOTFS=disk IMAGE_PENDING=1 IMAGE=ap6500-xl675d-rhel8.6-20230110 SLOT=1 console=ttyS0,115200n8 NODETYPE=service NODE_ID=service98 HOSTNAME=jean-zay-iam06 SLOTCOUNT=2 MONITOR_CONSOLE=yes ro root=dhcp selinux=0 biosdevname=0 numa_balancing=disable rd.driver.blacklist=nouveau,hfi1 nouveau.modeset=0 pci=realloc=off TRANSPORT=udpcast IMAGESERVER=172.23.0.1 TTL=1 MCAST_RDV_ADDR=224.0.0.1 FLAMETHROWER_DIRECTORY_PORTBASE=9000 START_TIMEOUT=30 RECEIVE_TIMEOUT=5 crashkernel=410M net.ifnames=1 MGMT_BONDING_TYPE=active-backup RW_SPARSE_PERHOST_SIZE=500M MAC=d4:f5:ef:6b:48:7c
[Wed Mar  1 17:38:27 2023] x86/fpu: Supporting XSAVE feature 0x001: 'x87 floating point registers'
[Wed Mar  1 17:38:27 2023] x86/fpu: Supporting XSAVE feature 0x002: 'SSE registers'
[Wed Mar  1 17:38:27 2023] x86/fpu: Supporting XSAVE feature 0x004: 'AVX registers'
[Wed Mar  1 17:38:27 2023] x86/fpu: Supporting XSAVE feature 0x200: 'Protection Keys User registers'
[Wed Mar  1 17:38:27 2023] x86/fpu: xstate_offset[2]:  576, xstate_sizes[2]:  256
[Wed Mar  1 17:38:27 2023] x86/fpu: xstate_offset[9]:  832, xstate_sizes[9]:    8
[Wed Mar  1 17:38:27 2023] x86/fpu: Enabled xstate features 0x207, context size is 840 bytes, using 'compacted' format.
[Wed Mar  1 17:38:27 2023] signal: max sigframe size: 3376
[Wed Mar  1 17:38:27 2023] BIOS-provided physical RAM map:
[Wed Mar  1 17:38:27 2023] BIOS-e820: [mem 0x0000000000000000-0x000000000009ffff] usable
[Wed Mar  1 17:38:27 2023] BIOS-e820: [mem 0x00000000000f0000-0x00000000000fffff] reserved
[Wed Mar  1 17:38:27 2023] BIOS-e820: [mem 0x0000000000100000-0x000000006d9ebfff] usable
[Wed Mar  1 17:38:27 2023] BIOS-e820: [mem 0x000000006d9ec000-0x000000006da7bfff] ACPI data
[Wed Mar  1 17:38:27 2023] BIOS-e820: [mem 0x000000006da7c000-0x000000006da9bfff] ACPI NVS
[Wed Mar  1 17:38:27 2023] BIOS-e820: [mem 0x000000006da9c000-0x0000000074dfdfff] reserved
[Wed Mar  1 17:38:27 2023] BIOS-e820: [mem 0x0000000074dfe000-0x00000000750bffff] usable
[Wed Mar  1 17:38:27 2023] BIOS-e820: [mem 0x00000000750c0000-0x00000000752c0fff] reserved
[Wed Mar  1 17:38:27 2023] BIOS-e820: [mem 0x00000000752c1000-0x0000000077efffff] usable
[Wed Mar  1 17:38:27 2023] BIOS-e820: [mem 0x0000000077f00000-0x000000008fffffff] reserved
[Wed Mar  1 17:38:27 2023] BIOS-e820: [mem 0x0000000097a80000-0x0000000097a8ffff] reserved
[Wed Mar  1 17:38:27 2023] BIOS-e820: [mem 0x0000000098980000-0x000000009898ffff] reserved
[Wed Mar  1 17:38:27 2023] BIOS-e820: [mem 0x00000000af980000-0x00000000af98ffff] reserved
[Wed Mar  1 17:38:27 2023] BIOS-e820: [mem 0x00000000b0a00000-0x00000000b0b0ffff] reserved
[Wed Mar  1 17:38:27 2023] BIOS-e820: [mem 0x00000000b1e80000-0x00000000b1e8ffff] reserved
[Wed Mar  1 17:38:27 2023] BIOS-e820: [mem 0x00000000b2e80000-0x00000000b2e8ffff] reserved
[Wed Mar  1 17:38:27 2023] BIOS-e820: [mem 0x00000000c6400000-0x00000000c64fffff] reserved
[Wed Mar  1 17:38:27 2023] BIOS-e820: [mem 0x00000000c6580000-0x00000000c658ffff] reserved
[Wed Mar  1 17:38:27 2023] BIOS-e820: [mem 0x00000000c6600000-0x00000000c66fffff] reserved
[Wed Mar  1 17:38:27 2023] BIOS-e820: [mem 0x00000000c7480000-0x00000000c748ffff] reserved
[Wed Mar  1 17:38:27 2023] BIOS-e820: [mem 0x00000000febf0000-0x00000000febfffff] reserved
[Wed Mar  1 17:38:27 2023] BIOS-e820: [mem 0x00000000fed80000-0x00000000fed80fff] reserved
[Wed Mar  1 17:38:27 2023] BIOS-e820: [mem 0x0000000100000000-0x000000107fdfffff] usable
[Wed Mar  1 17:38:27 2023] BIOS-e820: [mem 0x000000107fe00000-0x000000107fffffff] reserved
[Wed Mar  1 17:38:27 2023] BIOS-e820: [mem 0x0000001080000000-0x000000207fefffff] usable
[Wed Mar  1 17:38:27 2023] BIOS-e820: [mem 0x000000207ff00000-0x000000207fffffff] reserved
[Wed Mar  1 17:38:27 2023] BIOS-e820: [mem 0x0000002080000000-0x000000307fefffff] usable
[Wed Mar  1 17:38:27 2023] BIOS-e820: [mem 0x000000307ff00000-0x000000307fffffff] reserved
[Wed Mar  1 17:38:27 2023] BIOS-e820: [mem 0x0000003080000000-0x000000407f2fffff] usable
[Wed Mar  1 17:38:27 2023] BIOS-e820: [mem 0x000000407f300000-0x000000407fffffff] reserved
[Wed Mar  1 17:38:27 2023] BIOS-e820: [mem 0x0000004080000000-0x000000507fefffff] usable
[Wed Mar  1 17:38:27 2023] BIOS-e820: [mem 0x000000507ff00000-0x000000507fffffff] reserved
[Wed Mar  1 17:38:27 2023] BIOS-e820: [mem 0x0000005080000000-0x000000607fefffff] usable
[Wed Mar  1 17:38:27 2023] BIOS-e820: [mem 0x000000607ff00000-0x000000607fffffff] reserved
[Wed Mar  1 17:38:27 2023] BIOS-e820: [mem 0x0000006080000000-0x000000707fefffff] usable
[Wed Mar  1 17:38:27 2023] BIOS-e820: [mem 0x000000707ff00000-0x000000707fffffff] reserved
[Wed Mar  1 17:38:27 2023] BIOS-e820: [mem 0x0000007080000000-0x000000807fefffff] usable
[Wed Mar  1 17:38:27 2023] BIOS-e820: [mem 0x000000807ff00000-0x000000807fffffff] reserved
[Wed Mar  1 17:38:27 2023] NX (Execute Disable) protection: active
[Wed Mar  1 17:38:27 2023] e820: update [mem 0x6a473018-0x6a5c7657] usable ==> usable
[Wed Mar  1 17:38:27 2023] e820: update [mem 0x6a473018-0x6a5c7657] usable ==> usable
[Wed Mar  1 17:38:27 2023] e820: update [mem 0x6a46a018-0x6a472057] usable ==> usable
[Wed Mar  1 17:38:27 2023] e820: update [mem 0x6a46a018-0x6a472057] usable ==> usable
[Wed Mar  1 17:38:27 2023] e820: update [mem 0x6a45e018-0x6a469257] usable ==> usable
[Wed Mar  1 17:38:27 2023] e820: update [mem 0x6a45e018-0x6a469257] usable ==> usable
[Wed Mar  1 17:38:27 2023] e820: update [mem 0x6a454018-0x6a45d457] usable ==> usable
[Wed Mar  1 17:38:27 2023] e820: update [mem 0x6a454018-0x6a45d457] usable ==> usable
[Wed Mar  1 17:38:27 2023] e820: update [mem 0x6a44a018-0x6a453457] usable ==> usable
[Wed Mar  1 17:38:27 2023] e820: update [mem 0x6a44a018-0x6a453457] usable ==> usable
[Wed Mar  1 17:38:27 2023] e820: update [mem 0x6a440018-0x6a449457] usable ==> usable
[Wed Mar  1 17:38:27 2023] e820: update [mem 0x6a440018-0x6a449457] usable ==> usable
[Wed Mar  1 17:38:27 2023] e820: update [mem 0x6a40b018-0x6a43f457] usable ==> usable
[Wed Mar  1 17:38:27 2023] e820: update [mem 0x6a40b018-0x6a43f457] usable ==> usable
[Wed Mar  1 17:38:27 2023] e820: update [mem 0x6a3d6018-0x6a40a457] usable ==> usable
[Wed Mar  1 17:38:27 2023] e820: update [mem 0x6a3d6018-0x6a40a457] usable ==> usable
[Wed Mar  1 17:38:27 2023] e820: update [mem 0x6a3a1018-0x6a3d5457] usable ==> usable
[Wed Mar  1 17:38:27 2023] e820: update [mem 0x6a3a1018-0x6a3d5457] usable ==> usable
[Wed Mar  1 17:38:27 2023] e820: update [mem 0x6a36c018-0x6a3a0457] usable ==> usable
[Wed Mar  1 17:38:27 2023] e820: update [mem 0x6a36c018-0x6a3a0457] usable ==> usable
[Wed Mar  1 17:38:27 2023] e820: update [mem 0x6a362018-0x6a36b457] usable ==> usable
[Wed Mar  1 17:38:27 2023] e820: update [mem 0x6a362018-0x6a36b457] usable ==> usable
[Wed Mar  1 17:38:27 2023] extended physical RAM map:
[Wed Mar  1 17:38:27 2023] reserve setup_data: [mem 0x0000000000000000-0x000000000009ffff] usable
[Wed Mar  1 17:38:27 2023] reserve setup_data: [mem 0x00000000000f0000-0x00000000000fffff] reserved
[Wed Mar  1 17:38:27 2023] reserve setup_data: [mem 0x0000000000100000-0x000000006a362017] usable
[Wed Mar  1 17:38:27 2023] reserve setup_data: [mem 0x000000006a362018-0x000000006a36b457] usable
[Wed Mar  1 17:38:27 2023] reserve setup_data: [mem 0x000000006a36b458-0x000000006a36c017] usable
[Wed Mar  1 17:38:27 2023] reserve setup_data: [mem 0x000000006a36c018-0x000000006a3a0457] usable
[Wed Mar  1 17:38:27 2023] reserve setup_data: [mem 0x000000006a3a0458-0x000000006a3a1017] usable
[Wed Mar  1 17:38:27 2023] reserve setup_data: [mem 0x000000006a3a1018-0x000000006a3d5457] usable
[Wed Mar  1 17:38:27 2023] reserve setup_data: [mem 0x000000006a3d5458-0x000000006a3d6017] usable
[Wed Mar  1 17:38:27 2023] reserve setup_data: [mem 0x000000006a3d6018-0x000000006a40a457] usable
[Wed Mar  1 17:38:27 2023] reserve setup_data: [mem 0x000000006a40a458-0x000000006a40b017] usable
[Wed Mar  1 17:38:27 2023] reserve setup_data: [mem 0x000000006a40b018-0x000000006a43f457] usable
[Wed Mar  1 17:38:27 2023] reserve setup_data: [mem 0x000000006a43f458-0x000000006a440017] usable
[Wed Mar  1 17:38:27 2023] reserve setup_data: [mem 0x000000006a440018-0x000000006a449457] usable
[Wed Mar  1 17:38:27 2023] reserve setup_data: [mem 0x000000006a449458-0x000000006a44a017] usable
[Wed Mar  1 17:38:27 2023] reserve setup_data: [mem 0x000000006a44a018-0x000000006a453457] usable
[Wed Mar  1 17:38:27 2023] reserve setup_data: [mem 0x000000006a453458-0x000000006a454017] usable
[Wed Mar  1 17:38:27 2023] reserve setup_data: [mem 0x000000006a454018-0x000000006a45d457] usable
[Wed Mar  1 17:38:27 2023] reserve setup_data: [mem 0x000000006a45d458-0x000000006a45e017] usable
[Wed Mar  1 17:38:27 2023] reserve setup_data: [mem 0x000000006a45e018-0x000000006a469257] usable
[Wed Mar  1 17:38:27 2023] reserve setup_data: [mem 0x000000006a469258-0x000000006a46a017] usable
[Wed Mar  1 17:38:27 2023] reserve setup_data: [mem 0x000000006a46a018-0x000000006a472057] usable
[Wed Mar  1 17:38:27 2023] reserve setup_data: [mem 0x000000006a472058-0x000000006a473017] usable
[Wed Mar  1 17:38:27 2023] reserve setup_data: [mem 0x000000006a473018-0x000000006a5c7657] usable
[Wed Mar  1 17:38:27 2023] reserve setup_data: [mem 0x000000006a5c7658-0x000000006d9ebfff] usable
[Wed Mar  1 17:38:27 2023] reserve setup_data: [mem 0x000000006d9ec000-0x000000006da7bfff] ACPI data
[Wed Mar  1 17:38:27 2023] reserve setup_data: [mem 0x000000006da7c000-0x000000006da9bfff] ACPI NVS
[Wed Mar  1 17:38:27 2023] reserve setup_data: [mem 0x000000006da9c000-0x0000000074dfdfff] reserved
[Wed Mar  1 17:38:27 2023] reserve setup_data: [mem 0x0000000074dfe000-0x00000000750bffff] usable
[Wed Mar  1 17:38:27 2023] reserve setup_data: [mem 0x00000000750c0000-0x00000000752c0fff] reserved
[Wed Mar  1 17:38:27 2023] reserve setup_data: [mem 0x00000000752c1000-0x0000000077efffff] usable
[Wed Mar  1 17:38:27 2023] reserve setup_data: [mem 0x0000000077f00000-0x000000008fffffff] reserved
[Wed Mar  1 17:38:27 2023] reserve setup_data: [mem 0x0000000097a80000-0x0000000097a8ffff] reserved
[Wed Mar  1 17:38:27 2023] reserve setup_data: [mem 0x0000000098980000-0x000000009898ffff] reserved
[Wed Mar  1 17:38:27 2023] reserve setup_data: [mem 0x00000000af980000-0x00000000af98ffff] reserved
[Wed Mar  1 17:38:27 2023] reserve setup_data: [mem 0x00000000b0a00000-0x00000000b0b0ffff] reserved
[Wed Mar  1 17:38:27 2023] reserve setup_data: [mem 0x00000000b1e80000-0x00000000b1e8ffff] reserved
[Wed Mar  1 17:38:27 2023] reserve setup_data: [mem 0x00000000b2e80000-0x00000000b2e8ffff] reserved
[Wed Mar  1 17:38:27 2023] reserve setup_data: [mem 0x00000000c6400000-0x00000000c64fffff] reserved
[Wed Mar  1 17:38:27 2023] reserve setup_data: [mem 0x00000000c6580000-0x00000000c658ffff] reserved
[Wed Mar  1 17:38:27 2023] reserve setup_data: [mem 0x00000000c6600000-0x00000000c66fffff] reserved
[Wed Mar  1 17:38:27 2023] reserve setup_data: [mem 0x00000000c7480000-0x00000000c748ffff] reserved
[Wed Mar  1 17:38:27 2023] reserve setup_data: [mem 0x00000000febf0000-0x00000000febfffff] reserved
[Wed Mar  1 17:38:27 2023] reserve setup_data: [mem 0x00000000fed80000-0x00000000fed80fff] reserved
[Wed Mar  1 17:38:27 2023] reserve setup_data: [mem 0x0000000100000000-0x000000107fdfffff] usable
[Wed Mar  1 17:38:27 2023] reserve setup_data: [mem 0x000000107fe00000-0x000000107fffffff] reserved
[Wed Mar  1 17:38:27 2023] reserve setup_data: [mem 0x0000001080000000-0x000000207fefffff] usable
[Wed Mar  1 17:38:27 2023] reserve setup_data: [mem 0x000000207ff00000-0x000000207fffffff] reserved
[Wed Mar  1 17:38:27 2023] reserve setup_data: [mem 0x0000002080000000-0x000000307fefffff] usable
[Wed Mar  1 17:38:27 2023] reserve setup_data: [mem 0x000000307ff00000-0x000000307fffffff] reserved
[Wed Mar  1 17:38:27 2023] reserve setup_data: [mem 0x0000003080000000-0x000000407f2fffff] usable
[Wed Mar  1 17:38:27 2023] reserve setup_data: [mem 0x000000407f300000-0x000000407fffffff] reserved
[Wed Mar  1 17:38:27 2023] reserve setup_data: [mem 0x0000004080000000-0x000000507fefffff] usable
[Wed Mar  1 17:38:27 2023] reserve setup_data: [mem 0x000000507ff00000-0x000000507fffffff] reserved
[Wed Mar  1 17:38:27 2023] reserve setup_data: [mem 0x0000005080000000-0x000000607fefffff] usable
[Wed Mar  1 17:38:27 2023] reserve setup_data: [mem 0x000000607ff00000-0x000000607fffffff] reserved
[Wed Mar  1 17:38:27 2023] reserve setup_data: [mem 0x0000006080000000-0x000000707fefffff] usable
[Wed Mar  1 17:38:27 2023] reserve setup_data: [mem 0x000000707ff00000-0x000000707fffffff] reserved
[Wed Mar  1 17:38:27 2023] reserve setup_data: [mem 0x0000007080000000-0x000000807fefffff] usable
[Wed Mar  1 17:38:27 2023] reserve setup_data: [mem 0x000000807ff00000-0x000000807fffffff] reserved
[Wed Mar  1 17:38:27 2023] efi: EFI v2.70 by HPE
[Wed Mar  1 17:38:27 2023] efi:  SMBIOS=0x6e7b5000  SMBIOS 3.0=0x6e7b3000  MEMATTR=0x51a45698  ACPI=0x6da7b000  ACPI 2.0=0x6da7b014  ESRT=0x51a46d18 
[Wed Mar  1 17:38:27 2023] secureboot: Secure boot disabled
[Wed Mar  1 17:38:27 2023] SMBIOS 3.4.0 present.
[Wed Mar  1 17:38:27 2023] DMI: HPE ProLiant XL675d Gen10 Plus/ProLiant XL675d Gen10 Plus, BIOS A47 08/11/2022
[Wed Mar  1 17:38:27 2023] tsc: Fast TSC calibration using PIT
[Wed Mar  1 17:38:27 2023] tsc: Detected 2794.662 MHz processor
[Wed Mar  1 17:38:27 2023] e820: update [mem 0x00000000-0x00000fff] usable ==> reserved
[Wed Mar  1 17:38:27 2023] e820: remove [mem 0x000a0000-0x000fffff] usable
[Wed Mar  1 17:38:27 2023] last_pfn = 0x807ff00 max_arch_pfn = 0x400000000
[Wed Mar  1 17:38:27 2023] MTRR default type: uncachable
[Wed Mar  1 17:38:27 2023] MTRR fixed ranges enabled:
[Wed Mar  1 17:38:27 2023]   00000-9FFFF write-back
[Wed Mar  1 17:38:27 2023]   A0000-FFFFF uncachable
[Wed Mar  1 17:38:27 2023] MTRR variable ranges enabled:
[Wed Mar  1 17:38:27 2023]   0 base 000000000000 mask FFFF80000000 write-back
[Wed Mar  1 17:38:27 2023]   1 disabled
[Wed Mar  1 17:38:27 2023]   2 base 0000BC000000 mask FFFFFC000000 write-protect
[Wed Mar  1 17:38:27 2023]   3 disabled
[Wed Mar  1 17:38:27 2023]   4 disabled
[Wed Mar  1 17:38:27 2023]   5 disabled
[Wed Mar  1 17:38:27 2023]   6 disabled
[Wed Mar  1 17:38:27 2023]   7 disabled
[Wed Mar  1 17:38:27 2023] TOM2: 0000008080000000 aka 526336M
[Wed Mar  1 17:38:27 2023] x86/PAT: Configuration [0-7]: WB  WC  UC- UC  WB  WP  UC- WT  
[Wed Mar  1 17:38:27 2023] last_pfn = 0x77f00 max_arch_pfn = 0x400000000
[Wed Mar  1 17:38:27 2023] esrt: Reserving ESRT space from 0x0000000051a46d18 to 0x0000000051a46d50.
[Wed Mar  1 17:38:27 2023] e820: update [mem 0x51a46000-0x51a46fff] usable ==> reserved
[Wed Mar  1 17:38:27 2023] Using GB pages for direct mapping
[Wed Mar  1 17:38:27 2023] BRK [0x4ee5202000, 0x4ee5202fff] PGTABLE
[Wed Mar  1 17:38:27 2023] BRK [0x4ee5203000, 0x4ee5203fff] PGTABLE
[Wed Mar  1 17:38:27 2023] BRK [0x4ee5204000, 0x4ee5204fff] PGTABLE
[Wed Mar  1 17:38:27 2023] BRK [0x4ee5205000, 0x4ee5205fff] PGTABLE
[Wed Mar  1 17:38:27 2023] BRK [0x4ee5206000, 0x4ee5206fff] PGTABLE
[Wed Mar  1 17:38:27 2023] BRK [0x4ee5207000, 0x4ee5207fff] PGTABLE
[Wed Mar  1 17:38:27 2023] BRK [0x4ee5208000, 0x4ee5208fff] PGTABLE
[Wed Mar  1 17:38:27 2023] BRK [0x4ee5209000, 0x4ee5209fff] PGTABLE
[Wed Mar  1 17:38:27 2023] BRK [0x4ee520a000, 0x4ee520afff] PGTABLE
[Wed Mar  1 17:38:27 2023] BRK [0x4ee520b000, 0x4ee520bfff] PGTABLE
[Wed Mar  1 17:38:27 2023] BRK [0x4ee520c000, 0x4ee520cfff] PGTABLE
[Wed Mar  1 17:38:27 2023] BRK [0x4ee520d000, 0x4ee520dfff] PGTABLE
[Wed Mar  1 17:38:27 2023] RAMDISK: [mem 0x6a5c8000-0x6c1e8fff]
[Wed Mar  1 17:38:27 2023] ACPI: Early table checksum verification disabled
[Wed Mar  1 17:38:27 2023] ACPI: RSDP 0x000000006DA7B014 000024 (v02 HPE   )
[Wed Mar  1 17:38:27 2023] ACPI: XSDT 0x000000006DA4C188 0000DC (v01 HPE    Server   00000001      01000013)
[Wed Mar  1 17:38:27 2023] ACPI: FACP 0x000000006DA69000 00010C (v06 HPE    Server   00000001 1590 00000001)
[Wed Mar  1 17:38:27 2023] ACPI: DSDT 0x000000006DA57000 009855 (v02 HPE    Server   00000002 HPE  00020000)
[Wed Mar  1 17:38:27 2023] ACPI: FACS 0x000000006DA95000 000040
[Wed Mar  1 17:38:27 2023] ACPI: SSDT 0x000000006DA79000 000924 (v02 HPE    AmdTable 00000001 AMD  00000001)
[Wed Mar  1 17:38:27 2023] ACPI: SRAT 0x000000006DA78000 0009C0 (v03 HPE    Server   00000001 AMD  00000001)
[Wed Mar  1 17:38:27 2023] ACPI: SLIT 0x000000006DA77000 00006C (v01 HPE    Server   00000001 AMD  00000001)
[Wed Mar  1 17:38:27 2023] ACPI: CRAT 0x000000006DA6F000 007610 (v01 HPE    Server   00000001 AMD  00000001)
[Wed Mar  1 17:38:27 2023] ACPI: CDIT 0x000000006DA6E000 000068 (v01 HPE    Server   00000001 AMD  00000001)
[Wed Mar  1 17:38:27 2023] ACPI: BERT 0x000000006DA6C000 000030 (v01 HPE    Server   00000001 1590 00000001)
[Wed Mar  1 17:38:27 2023] ACPI: ERST 0x000000006DA6B000 000250 (v01 HPE    Server   00000001 1590 00000001)
[Wed Mar  1 17:38:27 2023] ACPI: EINJ 0x000000006DA6A000 000150 (v01 HPE    Server   00000001 1590 00000001)
[Wed Mar  1 17:38:27 2023] ACPI: HPET 0x000000006DA68000 000038 (v01 HPE    Server   00000001 1590 00000001)
[Wed Mar  1 17:38:27 2023] ACPI: APIC 0x000000006DA67000 0007AC (v05 HPE    Server   00000001 1590 00000001)
[Wed Mar  1 17:38:27 2023] ACPI: MCFG 0x000000006DA66000 00003C (v01 HPE    Server   00000001 1590 00000001)
[Wed Mar  1 17:38:27 2023] ACPI: SPMI 0x000000006DA65000 000041 (v05 HPE    Server   00000001 1590 00000001)
[Wed Mar  1 17:38:27 2023] ACPI: SPCR 0x000000006DA64000 000050 (v02 HPE    Server   00000001 1590 00000001)
[Wed Mar  1 17:38:27 2023] ACPI: MSCT 0x000000006DA63000 0000E8 (v01 HPE    Server   00000001 1590 00000001)
[Wed Mar  1 17:38:27 2023] ACPI: WSMT 0x000000006DA62000 000028 (v01 HPE    Server   00000001 1590 00000001)
[Wed Mar  1 17:38:27 2023] ACPI: PCCT 0x000000006DA61000 000030 (v02 HPE    Server   00000001 1590 00000001)
[Wed Mar  1 17:38:27 2023] ACPI: SSDT 0x000000006DA4F000 007639 (v02 HPE    PCISSDT  00000002 HPE  00020000)
[Wed Mar  1 17:38:27 2023] ACPI: SSDT 0x000000006DA4E000 0001C9 (v02 HPE    TIMESSDT 00000002 HPE  00020000)
[Wed Mar  1 17:38:27 2023] ACPI: SSDT 0x000000006DA4D000 0002F2 (v01 HPE    pmab     00000001 1590 20130328)
[Wed Mar  1 17:38:27 2023] ACPI: HEST 0x000000006DA7A000 0001A8 (v01 HPE    Server   00000001 1590 00000001)
[Wed Mar  1 17:38:27 2023] ACPI: BGRT 0x000000006DA6D000 000038 (v01 HPE    Server   00000002 1590 01000013)
[Wed Mar  1 17:38:27 2023] ACPI: FPDT 0x000000006DA4B000 000034 (v01 HPE    Server   00000002      01000013)
[Wed Mar  1 17:38:27 2023] ACPI: Reserving FACP table memory at [mem 0x6da69000-0x6da6910b]
[Wed Mar  1 17:38:27 2023] ACPI: Reserving DSDT table memory at [mem 0x6da57000-0x6da60854]
[Wed Mar  1 17:38:27 2023] ACPI: Reserving FACS table memory at [mem 0x6da95000-0x6da9503f]
[Wed Mar  1 17:38:27 2023] ACPI: Reserving SSDT table memory at [mem 0x6da79000-0x6da79923]
[Wed Mar  1 17:38:27 2023] ACPI: Reserving SRAT table memory at [mem 0x6da78000-0x6da789bf]
[Wed Mar  1 17:38:27 2023] ACPI: Reserving SLIT table memory at [mem 0x6da77000-0x6da7706b]
[Wed Mar  1 17:38:27 2023] ACPI: Reserving CRAT table memory at [mem 0x6da6f000-0x6da7660f]
[Wed Mar  1 17:38:27 2023] ACPI: Reserving CDIT table memory at [mem 0x6da6e000-0x6da6e067]
[Wed Mar  1 17:38:27 2023] ACPI: Reserving BERT table memory at [mem 0x6da6c000-0x6da6c02f]
[Wed Mar  1 17:38:27 2023] ACPI: Reserving ERST table memory at [mem 0x6da6b000-0x6da6b24f]
[Wed Mar  1 17:38:27 2023] ACPI: Reserving EINJ table memory at [mem 0x6da6a000-0x6da6a14f]
[Wed Mar  1 17:38:27 2023] ACPI: Reserving HPET table memory at [mem 0x6da68000-0x6da68037]
[Wed Mar  1 17:38:27 2023] ACPI: Reserving APIC table memory at [mem 0x6da67000-0x6da677ab]
[Wed Mar  1 17:38:27 2023] ACPI: Reserving MCFG table memory at [mem 0x6da66000-0x6da6603b]
[Wed Mar  1 17:38:27 2023] ACPI: Reserving SPMI table memory at [mem 0x6da65000-0x6da65040]
[Wed Mar  1 17:38:27 2023] ACPI: Reserving SPCR table memory at [mem 0x6da64000-0x6da6404f]
[Wed Mar  1 17:38:27 2023] ACPI: Reserving MSCT table memory at [mem 0x6da63000-0x6da630e7]
[Wed Mar  1 17:38:27 2023] ACPI: Reserving WSMT table memory at [mem 0x6da62000-0x6da62027]
[Wed Mar  1 17:38:27 2023] ACPI: Reserving PCCT table memory at [mem 0x6da61000-0x6da6102f]
[Wed Mar  1 17:38:27 2023] ACPI: Reserving SSDT table memory at [mem 0x6da4f000-0x6da56638]
[Wed Mar  1 17:38:27 2023] ACPI: Reserving SSDT table memory at [mem 0x6da4e000-0x6da4e1c8]
[Wed Mar  1 17:38:27 2023] ACPI: Reserving SSDT table memory at [mem 0x6da4d000-0x6da4d2f1]
[Wed Mar  1 17:38:27 2023] ACPI: Reserving HEST table memory at [mem 0x6da7a000-0x6da7a1a7]
[Wed Mar  1 17:38:27 2023] ACPI: Reserving BGRT table memory at [mem 0x6da6d000-0x6da6d037]
[Wed Mar  1 17:38:27 2023] ACPI: Reserving FPDT table memory at [mem 0x6da4b000-0x6da4b033]
[Wed Mar  1 17:38:27 2023] ACPI: Local APIC address 0xfee00000
[Wed Mar  1 17:38:27 2023] SRAT: PXM 0 -> APIC 0x00 -> Node 0
[Wed Mar  1 17:38:27 2023] SRAT: PXM 0 -> APIC 0x01 -> Node 0
[Wed Mar  1 17:38:27 2023] SRAT: PXM 0 -> APIC 0x02 -> Node 0
[Wed Mar  1 17:38:27 2023] SRAT: PXM 0 -> APIC 0x03 -> Node 0
[Wed Mar  1 17:38:27 2023] SRAT: PXM 0 -> APIC 0x04 -> Node 0
[Wed Mar  1 17:38:27 2023] SRAT: PXM 0 -> APIC 0x05 -> Node 0
[Wed Mar  1 17:38:27 2023] SRAT: PXM 0 -> APIC 0x06 -> Node 0
[Wed Mar  1 17:38:27 2023] SRAT: PXM 0 -> APIC 0x07 -> Node 0
[Wed Mar  1 17:38:27 2023] SRAT: PXM 0 -> APIC 0x08 -> Node 0
[Wed Mar  1 17:38:27 2023] SRAT: PXM 0 -> APIC 0x09 -> Node 0
[Wed Mar  1 17:38:27 2023] SRAT: PXM 0 -> APIC 0x0a -> Node 0
[Wed Mar  1 17:38:27 2023] SRAT: PXM 0 -> APIC 0x0b -> Node 0
[Wed Mar  1 17:38:27 2023] SRAT: PXM 0 -> APIC 0x0c -> Node 0
[Wed Mar  1 17:38:27 2023] SRAT: PXM 0 -> APIC 0x0d -> Node 0
[Wed Mar  1 17:38:27 2023] SRAT: PXM 0 -> APIC 0x0e -> Node 0
[Wed Mar  1 17:38:27 2023] SRAT: PXM 0 -> APIC 0x0f -> Node 0
[Wed Mar  1 17:38:27 2023] SRAT: PXM 1 -> APIC 0x10 -> Node 1
[Wed Mar  1 17:38:27 2023] SRAT: PXM 1 -> APIC 0x11 -> Node 1
[Wed Mar  1 17:38:27 2023] SRAT: PXM 1 -> APIC 0x12 -> Node 1
[Wed Mar  1 17:38:27 2023] SRAT: PXM 1 -> APIC 0x13 -> Node 1
[Wed Mar  1 17:38:27 2023] SRAT: PXM 1 -> APIC 0x14 -> Node 1
[Wed Mar  1 17:38:27 2023] SRAT: PXM 1 -> APIC 0x15 -> Node 1
[Wed Mar  1 17:38:27 2023] SRAT: PXM 1 -> APIC 0x16 -> Node 1
[Wed Mar  1 17:38:27 2023] SRAT: PXM 1 -> APIC 0x17 -> Node 1
[Wed Mar  1 17:38:27 2023] SRAT: PXM 1 -> APIC 0x18 -> Node 1
[Wed Mar  1 17:38:27 2023] SRAT: PXM 1 -> APIC 0x19 -> Node 1
[Wed Mar  1 17:38:27 2023] SRAT: PXM 1 -> APIC 0x1a -> Node 1
[Wed Mar  1 17:38:27 2023] SRAT: PXM 1 -> APIC 0x1b -> Node 1
[Wed Mar  1 17:38:27 2023] SRAT: PXM 1 -> APIC 0x1c -> Node 1
[Wed Mar  1 17:38:27 2023] SRAT: PXM 1 -> APIC 0x1d -> Node 1
[Wed Mar  1 17:38:27 2023] SRAT: PXM 1 -> APIC 0x1e -> Node 1
[Wed Mar  1 17:38:27 2023] SRAT: PXM 1 -> APIC 0x1f -> Node 1
[Wed Mar  1 17:38:27 2023] SRAT: PXM 2 -> APIC 0x20 -> Node 2
[Wed Mar  1 17:38:27 2023] SRAT: PXM 2 -> APIC 0x21 -> Node 2
[Wed Mar  1 17:38:27 2023] SRAT: PXM 2 -> APIC 0x22 -> Node 2
[Wed Mar  1 17:38:27 2023] SRAT: PXM 2 -> APIC 0x23 -> Node 2
[Wed Mar  1 17:38:27 2023] SRAT: PXM 2 -> APIC 0x24 -> Node 2
[Wed Mar  1 17:38:27 2023] SRAT: PXM 2 -> APIC 0x25 -> Node 2
[Wed Mar  1 17:38:27 2023] SRAT: PXM 2 -> APIC 0x26 -> Node 2
[Wed Mar  1 17:38:27 2023] SRAT: PXM 2 -> APIC 0x27 -> Node 2
[Wed Mar  1 17:38:27 2023] SRAT: PXM 2 -> APIC 0x28 -> Node 2
[Wed Mar  1 17:38:27 2023] SRAT: PXM 2 -> APIC 0x29 -> Node 2
[Wed Mar  1 17:38:27 2023] SRAT: PXM 2 -> APIC 0x2a -> Node 2
[Wed Mar  1 17:38:27 2023] SRAT: PXM 2 -> APIC 0x2b -> Node 2
[Wed Mar  1 17:38:27 2023] SRAT: PXM 2 -> APIC 0x2c -> Node 2
[Wed Mar  1 17:38:27 2023] SRAT: PXM 2 -> APIC 0x2d -> Node 2
[Wed Mar  1 17:38:27 2023] SRAT: PXM 2 -> APIC 0x2e -> Node 2
[Wed Mar  1 17:38:27 2023] SRAT: PXM 2 -> APIC 0x2f -> Node 2
[Wed Mar  1 17:38:27 2023] SRAT: PXM 3 -> APIC 0x30 -> Node 3
[Wed Mar  1 17:38:27 2023] SRAT: PXM 3 -> APIC 0x31 -> Node 3
[Wed Mar  1 17:38:27 2023] SRAT: PXM 3 -> APIC 0x32 -> Node 3
[Wed Mar  1 17:38:27 2023] SRAT: PXM 3 -> APIC 0x33 -> Node 3
[Wed Mar  1 17:38:27 2023] SRAT: PXM 3 -> APIC 0x34 -> Node 3
[Wed Mar  1 17:38:27 2023] SRAT: PXM 3 -> APIC 0x35 -> Node 3
[Wed Mar  1 17:38:27 2023] SRAT: PXM 3 -> APIC 0x36 -> Node 3
[Wed Mar  1 17:38:27 2023] SRAT: PXM 3 -> APIC 0x37 -> Node 3
[Wed Mar  1 17:38:27 2023] SRAT: PXM 3 -> APIC 0x38 -> Node 3
[Wed Mar  1 17:38:27 2023] SRAT: PXM 3 -> APIC 0x39 -> Node 3
[Wed Mar  1 17:38:27 2023] SRAT: PXM 3 -> APIC 0x3a -> Node 3
[Wed Mar  1 17:38:27 2023] SRAT: PXM 3 -> APIC 0x3b -> Node 3
[Wed Mar  1 17:38:27 2023] SRAT: PXM 3 -> APIC 0x3c -> Node 3
[Wed Mar  1 17:38:27 2023] SRAT: PXM 3 -> APIC 0x3d -> Node 3
[Wed Mar  1 17:38:27 2023] SRAT: PXM 3 -> APIC 0x3e -> Node 3
[Wed Mar  1 17:38:27 2023] SRAT: PXM 3 -> APIC 0x3f -> Node 3
[Wed Mar  1 17:38:27 2023] SRAT: PXM 4 -> APIC 0x40 -> Node 4
[Wed Mar  1 17:38:27 2023] SRAT: PXM 4 -> APIC 0x41 -> Node 4
[Wed Mar  1 17:38:27 2023] SRAT: PXM 4 -> APIC 0x42 -> Node 4
[Wed Mar  1 17:38:27 2023] SRAT: PXM 4 -> APIC 0x43 -> Node 4
[Wed Mar  1 17:38:27 2023] SRAT: PXM 4 -> APIC 0x44 -> Node 4
[Wed Mar  1 17:38:27 2023] SRAT: PXM 4 -> APIC 0x45 -> Node 4
[Wed Mar  1 17:38:27 2023] SRAT: PXM 4 -> APIC 0x46 -> Node 4
[Wed Mar  1 17:38:27 2023] SRAT: PXM 4 -> APIC 0x47 -> Node 4
[Wed Mar  1 17:38:27 2023] SRAT: PXM 4 -> APIC 0x48 -> Node 4
[Wed Mar  1 17:38:27 2023] SRAT: PXM 4 -> APIC 0x49 -> Node 4
[Wed Mar  1 17:38:27 2023] SRAT: PXM 4 -> APIC 0x4a -> Node 4
[Wed Mar  1 17:38:27 2023] SRAT: PXM 4 -> APIC 0x4b -> Node 4
[Wed Mar  1 17:38:27 2023] SRAT: PXM 4 -> APIC 0x4c -> Node 4
[Wed Mar  1 17:38:27 2023] SRAT: PXM 4 -> APIC 0x4d -> Node 4
[Wed Mar  1 17:38:27 2023] SRAT: PXM 4 -> APIC 0x4e -> Node 4
[Wed Mar  1 17:38:27 2023] SRAT: PXM 4 -> APIC 0x4f -> Node 4
[Wed Mar  1 17:38:27 2023] SRAT: PXM 5 -> APIC 0x50 -> Node 5
[Wed Mar  1 17:38:27 2023] SRAT: PXM 5 -> APIC 0x51 -> Node 5
[Wed Mar  1 17:38:27 2023] SRAT: PXM 5 -> APIC 0x52 -> Node 5
[Wed Mar  1 17:38:27 2023] SRAT: PXM 5 -> APIC 0x53 -> Node 5
[Wed Mar  1 17:38:27 2023] SRAT: PXM 5 -> APIC 0x54 -> Node 5
[Wed Mar  1 17:38:27 2023] SRAT: PXM 5 -> APIC 0x55 -> Node 5
[Wed Mar  1 17:38:27 2023] SRAT: PXM 5 -> APIC 0x56 -> Node 5
[Wed Mar  1 17:38:27 2023] SRAT: PXM 5 -> APIC 0x57 -> Node 5
[Wed Mar  1 17:38:27 2023] SRAT: PXM 5 -> APIC 0x58 -> Node 5
[Wed Mar  1 17:38:27 2023] SRAT: PXM 5 -> APIC 0x59 -> Node 5
[Wed Mar  1 17:38:27 2023] SRAT: PXM 5 -> APIC 0x5a -> Node 5
[Wed Mar  1 17:38:27 2023] SRAT: PXM 5 -> APIC 0x5b -> Node 5
[Wed Mar  1 17:38:27 2023] SRAT: PXM 5 -> APIC 0x5c -> Node 5
[Wed Mar  1 17:38:27 2023] SRAT: PXM 5 -> APIC 0x5d -> Node 5
[Wed Mar  1 17:38:27 2023] SRAT: PXM 5 -> APIC 0x5e -> Node 5
[Wed Mar  1 17:38:27 2023] SRAT: PXM 5 -> APIC 0x5f -> Node 5
[Wed Mar  1 17:38:27 2023] SRAT: PXM 6 -> APIC 0x60 -> Node 6
[Wed Mar  1 17:38:27 2023] SRAT: PXM 6 -> APIC 0x61 -> Node 6
[Wed Mar  1 17:38:27 2023] SRAT: PXM 6 -> APIC 0x62 -> Node 6
[Wed Mar  1 17:38:27 2023] SRAT: PXM 6 -> APIC 0x63 -> Node 6
[Wed Mar  1 17:38:27 2023] SRAT: PXM 6 -> APIC 0x64 -> Node 6
[Wed Mar  1 17:38:27 2023] SRAT: PXM 6 -> APIC 0x65 -> Node 6
[Wed Mar  1 17:38:27 2023] SRAT: PXM 6 -> APIC 0x66 -> Node 6
[Wed Mar  1 17:38:27 2023] SRAT: PXM 6 -> APIC 0x67 -> Node 6
[Wed Mar  1 17:38:27 2023] SRAT: PXM 6 -> APIC 0x68 -> Node 6
[Wed Mar  1 17:38:27 2023] SRAT: PXM 6 -> APIC 0x69 -> Node 6
[Wed Mar  1 17:38:27 2023] SRAT: PXM 6 -> APIC 0x6a -> Node 6
[Wed Mar  1 17:38:27 2023] SRAT: PXM 6 -> APIC 0x6b -> Node 6
[Wed Mar  1 17:38:27 2023] SRAT: PXM 6 -> APIC 0x6c -> Node 6
[Wed Mar  1 17:38:27 2023] SRAT: PXM 6 -> APIC 0x6d -> Node 6
[Wed Mar  1 17:38:27 2023] SRAT: PXM 6 -> APIC 0x6e -> Node 6
[Wed Mar  1 17:38:27 2023] SRAT: PXM 6 -> APIC 0x6f -> Node 6
[Wed Mar  1 17:38:27 2023] SRAT: PXM 7 -> APIC 0x70 -> Node 7
[Wed Mar  1 17:38:27 2023] SRAT: PXM 7 -> APIC 0x71 -> Node 7
[Wed Mar  1 17:38:27 2023] SRAT: PXM 7 -> APIC 0x72 -> Node 7
[Wed Mar  1 17:38:27 2023] SRAT: PXM 7 -> APIC 0x73 -> Node 7
[Wed Mar  1 17:38:27 2023] SRAT: PXM 7 -> APIC 0x74 -> Node 7
[Wed Mar  1 17:38:27 2023] SRAT: PXM 7 -> APIC 0x75 -> Node 7
[Wed Mar  1 17:38:27 2023] SRAT: PXM 7 -> APIC 0x76 -> Node 7
[Wed Mar  1 17:38:27 2023] SRAT: PXM 7 -> APIC 0x77 -> Node 7
[Wed Mar  1 17:38:27 2023] SRAT: PXM 7 -> APIC 0x78 -> Node 7
[Wed Mar  1 17:38:27 2023] SRAT: PXM 7 -> APIC 0x79 -> Node 7
[Wed Mar  1 17:38:27 2023] SRAT: PXM 7 -> APIC 0x7a -> Node 7
[Wed Mar  1 17:38:27 2023] SRAT: PXM 7 -> APIC 0x7b -> Node 7
[Wed Mar  1 17:38:27 2023] SRAT: PXM 7 -> APIC 0x7c -> Node 7
[Wed Mar  1 17:38:27 2023] SRAT: PXM 7 -> APIC 0x7d -> Node 7
[Wed Mar  1 17:38:27 2023] SRAT: PXM 7 -> APIC 0x7e -> Node 7
[Wed Mar  1 17:38:27 2023] SRAT: PXM 7 -> APIC 0x7f -> Node 7
[Wed Mar  1 17:38:27 2023] ACPI: SRAT: Node 0 PXM 0 [mem 0x00000000-0x0009ffff]
[Wed Mar  1 17:38:27 2023] ACPI: SRAT: Node 0 PXM 0 [mem 0x000c0000-0x7fffffff]
[Wed Mar  1 17:38:27 2023] ACPI: SRAT: Node 0 PXM 0 [mem 0x100000000-0x107fffffff]
[Wed Mar  1 17:38:27 2023] ACPI: SRAT: Node 1 PXM 1 [mem 0x1080000000-0x207fffffff]
[Wed Mar  1 17:38:27 2023] ACPI: SRAT: Node 2 PXM 2 [mem 0x2080000000-0x307fffffff]
[Wed Mar  1 17:38:27 2023] ACPI: SRAT: Node 3 PXM 3 [mem 0x3080000000-0x407fffffff]
[Wed Mar  1 17:38:27 2023] ACPI: SRAT: Node 4 PXM 4 [mem 0x4080000000-0x507fffffff]
[Wed Mar  1 17:38:27 2023] ACPI: SRAT: Node 5 PXM 5 [mem 0x5080000000-0x607fffffff]
[Wed Mar  1 17:38:27 2023] ACPI: SRAT: Node 6 PXM 6 [mem 0x6080000000-0x707fffffff]
[Wed Mar  1 17:38:27 2023] ACPI: SRAT: Node 7 PXM 7 [mem 0x7080000000-0x807fffffff]
[Wed Mar  1 17:38:27 2023] NUMA: Initialized distance table, cnt=8
[Wed Mar  1 17:38:27 2023] NUMA: Node 0 [mem 0x00000000-0x0009ffff] + [mem 0x000c0000-0x7fffffff] -> [mem 0x00000000-0x7fffffff]
[Wed Mar  1 17:38:27 2023] NUMA: Node 0 [mem 0x00000000-0x7fffffff] + [mem 0x100000000-0x107fffffff] -> [mem 0x00000000-0x107fffffff]
[Wed Mar  1 17:38:27 2023] NODE_DATA(0) allocated [mem 0x107fdd5000-0x107fdfffff]
[Wed Mar  1 17:38:27 2023] NODE_DATA(1) allocated [mem 0x207fed5000-0x207fefffff]
[Wed Mar  1 17:38:27 2023] NODE_DATA(2) allocated [mem 0x307fed5000-0x307fefffff]
[Wed Mar  1 17:38:27 2023] NODE_DATA(3) allocated [mem 0x407f2d5000-0x407f2fffff]
[Wed Mar  1 17:38:27 2023] NODE_DATA(4) allocated [mem 0x507fed5000-0x507fefffff]
[Wed Mar  1 17:38:27 2023] NODE_DATA(5) allocated [mem 0x607fed5000-0x607fefffff]
[Wed Mar  1 17:38:27 2023] NODE_DATA(6) allocated [mem 0x707fed5000-0x707fefffff]
[Wed Mar  1 17:38:27 2023] NODE_DATA(7) allocated [mem 0x807fed4000-0x807fefefff]
[Wed Mar  1 17:38:27 2023] Reserving 410MB of memory at 832MB for crashkernel (System RAM: 524019MB)
[Wed Mar  1 17:38:27 2023] Zone ranges:
[Wed Mar  1 17:38:27 2023]   DMA      [mem 0x0000000000001000-0x0000000000ffffff]
[Wed Mar  1 17:38:27 2023]   DMA32    [mem 0x0000000001000000-0x00000000ffffffff]
[Wed Mar  1 17:38:27 2023]   Normal   [mem 0x0000000100000000-0x000000807fefffff]
[Wed Mar  1 17:38:27 2023]   Device   empty
[Wed Mar  1 17:38:27 2023] Movable zone start for each node
[Wed Mar  1 17:38:27 2023] Early memory node ranges
[Wed Mar  1 17:38:27 2023]   node   0: [mem 0x0000000000001000-0x000000000009ffff]
[Wed Mar  1 17:38:27 2023]   node   0: [mem 0x0000000000100000-0x000000006d9ebfff]
[Wed Mar  1 17:38:27 2023]   node   0: [mem 0x0000000074dfe000-0x00000000750bffff]
[Wed Mar  1 17:38:27 2023]   node   0: [mem 0x00000000752c1000-0x0000000077efffff]
[Wed Mar  1 17:38:27 2023]   node   0: [mem 0x0000000100000000-0x000000107fdfffff]
[Wed Mar  1 17:38:27 2023]   node   1: [mem 0x0000001080000000-0x000000207fefffff]
[Wed Mar  1 17:38:27 2023]   node   2: [mem 0x0000002080000000-0x000000307fefffff]
[Wed Mar  1 17:38:27 2023]   node   3: [mem 0x0000003080000000-0x000000407f2fffff]
[Wed Mar  1 17:38:27 2023]   node   4: [mem 0x0000004080000000-0x000000507fefffff]
[Wed Mar  1 17:38:27 2023]   node   5: [mem 0x0000005080000000-0x000000607fefffff]
[Wed Mar  1 17:38:27 2023]   node   6: [mem 0x0000006080000000-0x000000707fefffff]
[Wed Mar  1 17:38:27 2023]   node   7: [mem 0x0000007080000000-0x000000807fefffff]
[Wed Mar  1 17:38:27 2023] Zeroed struct page in unavailable ranges: 35956 pages
[Wed Mar  1 17:38:27 2023] Initmem setup node 0 [mem 0x0000000000001000-0x000000107fdfffff]
[Wed Mar  1 17:38:27 2023] On node 0 totalpages: 16713356
[Wed Mar  1 17:38:27 2023]   DMA zone: 64 pages used for memmap
[Wed Mar  1 17:38:27 2023]   DMA zone: 159 pages reserved
[Wed Mar  1 17:38:27 2023]   DMA zone: 3999 pages, LIFO batch:0
[Wed Mar  1 17:38:27 2023]   DMA32 zone: 7140 pages used for memmap
[Wed Mar  1 17:38:27 2023]   DMA32 zone: 456941 pages, LIFO batch:63
[Wed Mar  1 17:38:27 2023]   Normal zone: 253944 pages used for memmap
[Wed Mar  1 17:38:27 2023]   Normal zone: 16252416 pages, LIFO batch:63
[Wed Mar  1 17:38:27 2023] Initmem setup node 1 [mem 0x0000001080000000-0x000000207fefffff]
[Wed Mar  1 17:38:27 2023] On node 1 totalpages: 16776960
[Wed Mar  1 17:38:27 2023]   Normal zone: 262140 pages used for memmap
[Wed Mar  1 17:38:27 2023]   Normal zone: 16776960 pages, LIFO batch:63
[Wed Mar  1 17:38:27 2023] Initmem setup node 2 [mem 0x0000002080000000-0x000000307fefffff]
[Wed Mar  1 17:38:27 2023] On node 2 totalpages: 16776960
[Wed Mar  1 17:38:27 2023]   Normal zone: 262140 pages used for memmap
[Wed Mar  1 17:38:27 2023]   Normal zone: 16776960 pages, LIFO batch:63
[Wed Mar  1 17:38:27 2023] Initmem setup node 3 [mem 0x0000003080000000-0x000000407f2fffff]
[Wed Mar  1 17:38:27 2023] On node 3 totalpages: 16773888
[Wed Mar  1 17:38:27 2023]   Normal zone: 262092 pages used for memmap
[Wed Mar  1 17:38:27 2023]   Normal zone: 16773888 pages, LIFO batch:63
[Wed Mar  1 17:38:27 2023] Initmem setup node 4 [mem 0x0000004080000000-0x000000507fefffff]
[Wed Mar  1 17:38:27 2023] On node 4 totalpages: 16776960
[Wed Mar  1 17:38:27 2023]   Normal zone: 262140 pages used for memmap
[Wed Mar  1 17:38:27 2023]   Normal zone: 16776960 pages, LIFO batch:63
[Wed Mar  1 17:38:27 2023] Initmem setup node 5 [mem 0x0000005080000000-0x000000607fefffff]
[Wed Mar  1 17:38:27 2023] On node 5 totalpages: 16776960
[Wed Mar  1 17:38:27 2023]   Normal zone: 262140 pages used for memmap
[Wed Mar  1 17:38:27 2023]   Normal zone: 16776960 pages, LIFO batch:63
[Wed Mar  1 17:38:27 2023] Initmem setup node 6 [mem 0x0000006080000000-0x000000707fefffff]
[Wed Mar  1 17:38:27 2023] On node 6 totalpages: 16776960
[Wed Mar  1 17:38:27 2023]   Normal zone: 262140 pages used for memmap
[Wed Mar  1 17:38:27 2023]   Normal zone: 16776960 pages, LIFO batch:63
[Wed Mar  1 17:38:27 2023] Initmem setup node 7 [mem 0x0000007080000000-0x000000807fefffff]
[Wed Mar  1 17:38:27 2023] On node 7 totalpages: 16776960
[Wed Mar  1 17:38:27 2023]   Normal zone: 262140 pages used for memmap
[Wed Mar  1 17:38:27 2023]   Normal zone: 16776960 pages, LIFO batch:63
[Wed Mar  1 17:38:27 2023] ACPI: PM-Timer IO Port: 0x408
[Wed Mar  1 17:38:27 2023] ACPI: Local APIC address 0xfee00000
[Wed Mar  1 17:38:27 2023] ACPI: LAPIC_NMI (acpi_id[0x00] high level lint[0x1])
[Wed Mar  1 17:38:27 2023] ACPI: LAPIC_NMI (acpi_id[0x01] high level lint[0x1])
[Wed Mar  1 17:38:27 2023] ACPI: LAPIC_NMI (acpi_id[0x02] high level lint[0x1])
[Wed Mar  1 17:38:27 2023] ACPI: LAPIC_NMI (acpi_id[0x03] high level lint[0x1])
[Wed Mar  1 17:38:27 2023] ACPI: LAPIC_NMI (acpi_id[0x04] high level lint[0x1])
[Wed Mar  1 17:38:27 2023] ACPI: LAPIC_NMI (acpi_id[0x05] high level lint[0x1])
[Wed Mar  1 17:38:27 2023] ACPI: LAPIC_NMI (acpi_id[0x06] high level lint[0x1])
[Wed Mar  1 17:38:27 2023] ACPI: LAPIC_NMI (acpi_id[0x07] high level lint[0x1])
[Wed Mar  1 17:38:27 2023] ACPI: LAPIC_NMI (acpi_id[0x08] high level lint[0x1])
[Wed Mar  1 17:38:27 2023] ACPI: LAPIC_NMI (acpi_id[0x09] high level lint[0x1])
[Wed Mar  1 17:38:27 2023] ACPI: LAPIC_NMI (acpi_id[0x0a] high level lint[0x1])
[Wed Mar  1 17:38:27 2023] ACPI: LAPIC_NMI (acpi_id[0x0b] high level lint[0x1])
[Wed Mar  1 17:38:27 2023] ACPI: LAPIC_NMI (acpi_id[0x0c] high level lint[0x1])
[Wed Mar  1 17:38:27 2023] ACPI: LAPIC_NMI (acpi_id[0x0d] high level lint[0x1])
[Wed Mar  1 17:38:27 2023] ACPI: LAPIC_NMI (acpi_id[0x0e] high level lint[0x1])
[Wed Mar  1 17:38:27 2023] ACPI: LAPIC_NMI (acpi_id[0x0f] high level lint[0x1])
[Wed Mar  1 17:38:27 2023] ACPI: LAPIC_NMI (acpi_id[0x10] high level lint[0x1])
[Wed Mar  1 17:38:27 2023] ACPI: LAPIC_NMI (acpi_id[0x11] high level lint[0x1])
[Wed Mar  1 17:38:27 2023] ACPI: LAPIC_NMI (acpi_id[0x12] high level lint[0x1])
[Wed Mar  1 17:38:27 2023] ACPI: LAPIC_NMI (acpi_id[0x13] high level lint[0x1])
[Wed Mar  1 17:38:27 2023] ACPI: LAPIC_NMI (acpi_id[0x14] high level lint[0x1])
[Wed Mar  1 17:38:27 2023] ACPI: LAPIC_NMI (acpi_id[0x15] high level lint[0x1])
[Wed Mar  1 17:38:27 2023] ACPI: LAPIC_NMI (acpi_id[0x16] high level lint[0x1])
[Wed Mar  1 17:38:27 2023] ACPI: LAPIC_NMI (acpi_id[0x17] high level lint[0x1])
[Wed Mar  1 17:38:27 2023] ACPI: LAPIC_NMI (acpi_id[0x18] high level lint[0x1])
[Wed Mar  1 17:38:27 2023] ACPI: LAPIC_NMI (acpi_id[0x19] high level lint[0x1])
[Wed Mar  1 17:38:27 2023] ACPI: LAPIC_NMI (acpi_id[0x1a] high level lint[0x1])
[Wed Mar  1 17:38:27 2023] ACPI: LAPIC_NMI (acpi_id[0x1b] high level lint[0x1])
[Wed Mar  1 17:38:27 2023] ACPI: LAPIC_NMI (acpi_id[0x1c] high level lint[0x1])
[Wed Mar  1 17:38:27 2023] ACPI: LAPIC_NMI (acpi_id[0x1d] high level lint[0x1])
[Wed Mar  1 17:38:27 2023] ACPI: LAPIC_NMI (acpi_id[0x1e] high level lint[0x1])
[Wed Mar  1 17:38:27 2023] ACPI: LAPIC_NMI (acpi_id[0x1f] high level lint[0x1])
[Wed Mar  1 17:38:27 2023] ACPI: LAPIC_NMI (acpi_id[0x20] high level lint[0x1])
[Wed Mar  1 17:38:27 2023] ACPI: LAPIC_NMI (acpi_id[0x21] high level lint[0x1])
[Wed Mar  1 17:38:27 2023] ACPI: LAPIC_NMI (acpi_id[0x22] high level lint[0x1])
[Wed Mar  1 17:38:27 2023] ACPI: LAPIC_NMI (acpi_id[0x23] high level lint[0x1])
[Wed Mar  1 17:38:27 2023] ACPI: LAPIC_NMI (acpi_id[0x24] high level lint[0x1])
[Wed Mar  1 17:38:27 2023] ACPI: LAPIC_NMI (acpi_id[0x25] high level lint[0x1])
[Wed Mar  1 17:38:27 2023] ACPI: LAPIC_NMI (acpi_id[0x26] high level lint[0x1])
[Wed Mar  1 17:38:27 2023] ACPI: LAPIC_NMI (acpi_id[0x27] high level lint[0x1])
[Wed Mar  1 17:38:27 2023] ACPI: LAPIC_NMI (acpi_id[0x28] high level lint[0x1])
[Wed Mar  1 17:38:27 2023] ACPI: LAPIC_NMI (acpi_id[0x29] high level lint[0x1])
[Wed Mar  1 17:38:27 2023] ACPI: LAPIC_NMI (acpi_id[0x2a] high level lint[0x1])
[Wed Mar  1 17:38:27 2023] ACPI: LAPIC_NMI (acpi_id[0x2b] high level lint[0x1])
[Wed Mar  1 17:38:27 2023] ACPI: LAPIC_NMI (acpi_id[0x2c] high level lint[0x1])
[Wed Mar  1 17:38:27 2023] ACPI: LAPIC_NMI (acpi_id[0x2d] high level lint[0x1])
[Wed Mar  1 17:38:27 2023] ACPI: LAPIC_NMI (acpi_id[0x2e] high level lint[0x1])
[Wed Mar  1 17:38:27 2023] ACPI: LAPIC_NMI (acpi_id[0x2f] high level lint[0x1])
[Wed Mar  1 17:38:27 2023] ACPI: LAPIC_NMI (acpi_id[0x30] high level lint[0x1])
[Wed Mar  1 17:38:27 2023] ACPI: LAPIC_NMI (acpi_id[0x31] high level lint[0x1])
[Wed Mar  1 17:38:27 2023] ACPI: LAPIC_NMI (acpi_id[0x32] high level lint[0x1])
[Wed Mar  1 17:38:27 2023] ACPI: LAPIC_NMI (acpi_id[0x33] high level lint[0x1])
[Wed Mar  1 17:38:27 2023] ACPI: LAPIC_NMI (acpi_id[0x34] high level lint[0x1])
[Wed Mar  1 17:38:27 2023] ACPI: LAPIC_NMI (acpi_id[0x35] high level lint[0x1])
[Wed Mar  1 17:38:27 2023] ACPI: LAPIC_NMI (acpi_id[0x36] high level lint[0x1])
[Wed Mar  1 17:38:27 2023] ACPI: LAPIC_NMI (acpi_id[0x37] high level lint[0x1])
[Wed Mar  1 17:38:27 2023] ACPI: LAPIC_NMI (acpi_id[0x38] high level lint[0x1])
[Wed Mar  1 17:38:27 2023] ACPI: LAPIC_NMI (acpi_id[0x39] high level lint[0x1])
[Wed Mar  1 17:38:27 2023] ACPI: LAPIC_NMI (acpi_id[0x3a] high level lint[0x1])
[Wed Mar  1 17:38:27 2023] ACPI: LAPIC_NMI (acpi_id[0x3b] high level lint[0x1])
[Wed Mar  1 17:38:27 2023] ACPI: LAPIC_NMI (acpi_id[0x3c] high level lint[0x1])
[Wed Mar  1 17:38:27 2023] ACPI: LAPIC_NMI (acpi_id[0x3d] high level lint[0x1])
[Wed Mar  1 17:38:27 2023] ACPI: LAPIC_NMI (acpi_id[0x3e] high level lint[0x1])
[Wed Mar  1 17:38:27 2023] ACPI: LAPIC_NMI (acpi_id[0x3f] high level lint[0x1])
[Wed Mar  1 17:38:27 2023] ACPI: LAPIC_NMI (acpi_id[0x40] high level lint[0x1])
[Wed Mar  1 17:38:27 2023] ACPI: LAPIC_NMI (acpi_id[0x41] high level lint[0x1])
[Wed Mar  1 17:38:27 2023] ACPI: LAPIC_NMI (acpi_id[0x42] high level lint[0x1])
[Wed Mar  1 17:38:27 2023] ACPI: LAPIC_NMI (acpi_id[0x43] high level lint[0x1])
[Wed Mar  1 17:38:27 2023] ACPI: LAPIC_NMI (acpi_id[0x44] high level lint[0x1])
[Wed Mar  1 17:38:27 2023] ACPI: LAPIC_NMI (acpi_id[0x45] high level lint[0x1])
[Wed Mar  1 17:38:27 2023] ACPI: LAPIC_NMI (acpi_id[0x46] high level lint[0x1])
[Wed Mar  1 17:38:27 2023] ACPI: LAPIC_NMI (acpi_id[0x47] high level lint[0x1])
[Wed Mar  1 17:38:27 2023] ACPI: LAPIC_NMI (acpi_id[0x48] high level lint[0x1])
[Wed Mar  1 17:38:27 2023] ACPI: LAPIC_NMI (acpi_id[0x49] high level lint[0x1])
[Wed Mar  1 17:38:27 2023] ACPI: LAPIC_NMI (acpi_id[0x4a] high level lint[0x1])
[Wed Mar  1 17:38:27 2023] ACPI: LAPIC_NMI (acpi_id[0x4b] high level lint[0x1])
[Wed Mar  1 17:38:27 2023] ACPI: LAPIC_NMI (acpi_id[0x4c] high level lint[0x1])
[Wed Mar  1 17:38:27 2023] ACPI: LAPIC_NMI (acpi_id[0x4d] high level lint[0x1])
[Wed Mar  1 17:38:27 2023] ACPI: LAPIC_NMI (acpi_id[0x4e] high level lint[0x1])
[Wed Mar  1 17:38:27 2023] ACPI: LAPIC_NMI (acpi_id[0x4f] high level lint[0x1])
[Wed Mar  1 17:38:27 2023] ACPI: LAPIC_NMI (acpi_id[0x50] high level lint[0x1])
[Wed Mar  1 17:38:27 2023] ACPI: LAPIC_NMI (acpi_id[0x51] high level lint[0x1])
[Wed Mar  1 17:38:27 2023] ACPI: LAPIC_NMI (acpi_id[0x52] high level lint[0x1])
[Wed Mar  1 17:38:27 2023] ACPI: LAPIC_NMI (acpi_id[0x53] high level lint[0x1])
[Wed Mar  1 17:38:27 2023] ACPI: LAPIC_NMI (acpi_id[0x54] high level lint[0x1])
[Wed Mar  1 17:38:27 2023] ACPI: LAPIC_NMI (acpi_id[0x55] high level lint[0x1])
[Wed Mar  1 17:38:27 2023] ACPI: LAPIC_NMI (acpi_id[0x56] high level lint[0x1])
[Wed Mar  1 17:38:27 2023] ACPI: LAPIC_NMI (acpi_id[0x57] high level lint[0x1])
[Wed Mar  1 17:38:27 2023] ACPI: LAPIC_NMI (acpi_id[0x58] high level lint[0x1])
[Wed Mar  1 17:38:27 2023] ACPI: LAPIC_NMI (acpi_id[0x59] high level lint[0x1])
[Wed Mar  1 17:38:27 2023] ACPI: LAPIC_NMI (acpi_id[0x5a] high level lint[0x1])
[Wed Mar  1 17:38:27 2023] ACPI: LAPIC_NMI (acpi_id[0x5b] high level lint[0x1])
[Wed Mar  1 17:38:27 2023] ACPI: LAPIC_NMI (acpi_id[0x5c] high level lint[0x1])
[Wed Mar  1 17:38:27 2023] ACPI: LAPIC_NMI (acpi_id[0x5d] high level lint[0x1])
[Wed Mar  1 17:38:27 2023] ACPI: LAPIC_NMI (acpi_id[0x5e] high level lint[0x1])
[Wed Mar  1 17:38:27 2023] ACPI: LAPIC_NMI (acpi_id[0x5f] high level lint[0x1])
[Wed Mar  1 17:38:27 2023] ACPI: LAPIC_NMI (acpi_id[0x60] high level lint[0x1])
[Wed Mar  1 17:38:27 2023] ACPI: LAPIC_NMI (acpi_id[0x61] high level lint[0x1])
[Wed Mar  1 17:38:27 2023] ACPI: LAPIC_NMI (acpi_id[0x62] high level lint[0x1])
[Wed Mar  1 17:38:27 2023] ACPI: LAPIC_NMI (acpi_id[0x63] high level lint[0x1])
[Wed Mar  1 17:38:27 2023] ACPI: LAPIC_NMI (acpi_id[0x64] high level lint[0x1])
[Wed Mar  1 17:38:27 2023] ACPI: LAPIC_NMI (acpi_id[0x65] high level lint[0x1])
[Wed Mar  1 17:38:27 2023] ACPI: LAPIC_NMI (acpi_id[0x66] high level lint[0x1])
[Wed Mar  1 17:38:27 2023] ACPI: LAPIC_NMI (acpi_id[0x67] high level lint[0x1])
[Wed Mar  1 17:38:27 2023] ACPI: LAPIC_NMI (acpi_id[0x68] high level lint[0x1])
[Wed Mar  1 17:38:27 2023] ACPI: LAPIC_NMI (acpi_id[0x69] high level lint[0x1])
[Wed Mar  1 17:38:27 2023] ACPI: LAPIC_NMI (acpi_id[0x6a] high level lint[0x1])
[Wed Mar  1 17:38:27 2023] ACPI: LAPIC_NMI (acpi_id[0x6b] high level lint[0x1])
[Wed Mar  1 17:38:27 2023] ACPI: LAPIC_NMI (acpi_id[0x6c] high level lint[0x1])
[Wed Mar  1 17:38:27 2023] ACPI: LAPIC_NMI (acpi_id[0x6d] high level lint[0x1])
[Wed Mar  1 17:38:27 2023] ACPI: LAPIC_NMI (acpi_id[0x6e] high level lint[0x1])
[Wed Mar  1 17:38:27 2023] ACPI: LAPIC_NMI (acpi_id[0x6f] high level lint[0x1])
[Wed Mar  1 17:38:27 2023] ACPI: LAPIC_NMI (acpi_id[0x70] high level lint[0x1])
[Wed Mar  1 17:38:27 2023] ACPI: LAPIC_NMI (acpi_id[0x71] high level lint[0x1])
[Wed Mar  1 17:38:27 2023] ACPI: LAPIC_NMI (acpi_id[0x72] high level lint[0x1])
[Wed Mar  1 17:38:27 2023] ACPI: LAPIC_NMI (acpi_id[0x73] high level lint[0x1])
[Wed Mar  1 17:38:27 2023] ACPI: LAPIC_NMI (acpi_id[0x74] high level lint[0x1])
[Wed Mar  1 17:38:27 2023] ACPI: LAPIC_NMI (acpi_id[0x75] high level lint[0x1])
[Wed Mar  1 17:38:27 2023] ACPI: LAPIC_NMI (acpi_id[0x76] high level lint[0x1])
[Wed Mar  1 17:38:27 2023] ACPI: LAPIC_NMI (acpi_id[0x77] high level lint[0x1])
[Wed Mar  1 17:38:27 2023] ACPI: LAPIC_NMI (acpi_id[0x78] high level lint[0x1])
[Wed Mar  1 17:38:27 2023] ACPI: LAPIC_NMI (acpi_id[0x79] high level lint[0x1])
[Wed Mar  1 17:38:27 2023] ACPI: LAPIC_NMI (acpi_id[0x7a] high level lint[0x1])
[Wed Mar  1 17:38:27 2023] ACPI: LAPIC_NMI (acpi_id[0x7b] high level lint[0x1])
[Wed Mar  1 17:38:27 2023] ACPI: LAPIC_NMI (acpi_id[0x7c] high level lint[0x1])
[Wed Mar  1 17:38:27 2023] ACPI: LAPIC_NMI (acpi_id[0x7d] high level lint[0x1])
[Wed Mar  1 17:38:27 2023] ACPI: LAPIC_NMI (acpi_id[0x7e] high level lint[0x1])
[Wed Mar  1 17:38:27 2023] ACPI: LAPIC_NMI (acpi_id[0x7f] high level lint[0x1])
[Wed Mar  1 17:38:27 2023] IOAPIC[0]: apic_id 128, version 33, address 0xfec00000, GSI 0-23
[Wed Mar  1 17:38:27 2023] IOAPIC[1]: apic_id 129, version 33, address 0xc6580000, GSI 24-55
[Wed Mar  1 17:38:27 2023] IOAPIC[2]: apic_id 130, version 33, address 0xb2e80000, GSI 56-87
[Wed Mar  1 17:38:27 2023] IOAPIC[3]: apic_id 131, version 33, address 0xb1e80000, GSI 88-119
[Wed Mar  1 17:38:27 2023] IOAPIC[4]: apic_id 132, version 33, address 0xc7480000, GSI 120-151
[Wed Mar  1 17:38:27 2023] IOAPIC[5]: apic_id 133, version 33, address 0xb0b00000, GSI 152-183
[Wed Mar  1 17:38:27 2023] IOAPIC[6]: apic_id 134, version 33, address 0xaf980000, GSI 184-215
[Wed Mar  1 17:38:27 2023] IOAPIC[7]: apic_id 135, version 33, address 0x98980000, GSI 216-247
[Wed Mar  1 17:38:27 2023] IOAPIC[8]: apic_id 136, version 33, address 0x97a80000, GSI 248-279
[Wed Mar  1 17:38:27 2023] ACPI: INT_SRC_OVR (bus 0 bus_irq 0 global_irq 2 dfl dfl)
[Wed Mar  1 17:38:27 2023] ACPI: INT_SRC_OVR (bus 0 bus_irq 9 global_irq 9 low level)
[Wed Mar  1 17:38:27 2023] ACPI: IRQ0 used by override.
[Wed Mar  1 17:38:27 2023] ACPI: IRQ9 used by override.
[Wed Mar  1 17:38:27 2023] Using ACPI (MADT) for SMP configuration information
[Wed Mar  1 17:38:27 2023] ACPI: HPET id: 0x10228201 base: 0xfed00000
[Wed Mar  1 17:38:27 2023] e820: update [mem 0x50f0f000-0x50f3ffff] usable ==> reserved
[Wed Mar  1 17:38:27 2023] ACPI: SPCR: console: uart,mmio,0x0,115200
[Wed Mar  1 17:38:27 2023] smpboot: Allowing 128 CPUs, 0 hotplug CPUs
[Wed Mar  1 17:38:27 2023] PM: Registered nosave memory: [mem 0x00000000-0x00000fff]
[Wed Mar  1 17:38:27 2023] PM: Registered nosave memory: [mem 0x000a0000-0x000effff]
[Wed Mar  1 17:38:27 2023] PM: Registered nosave memory: [mem 0x000f0000-0x000fffff]
[Wed Mar  1 17:38:27 2023] PM: Registered nosave memory: [mem 0x50f0f000-0x50f3ffff]
[Wed Mar  1 17:38:27 2023] PM: Registered nosave memory: [mem 0x51a46000-0x51a46fff]
[Wed Mar  1 17:38:27 2023] PM: Registered nosave memory: [mem 0x6a362000-0x6a362fff]
[Wed Mar  1 17:38:27 2023] PM: Registered nosave memory: [mem 0x6a36b000-0x6a36bfff]
[Wed Mar  1 17:38:27 2023] PM: Registered nosave memory: [mem 0x6a36c000-0x6a36cfff]
[Wed Mar  1 17:38:27 2023] PM: Registered nosave memory: [mem 0x6a3a0000-0x6a3a0fff]
[Wed Mar  1 17:38:27 2023] PM: Registered nosave memory: [mem 0x6a3a1000-0x6a3a1fff]
[Wed Mar  1 17:38:27 2023] PM: Registered nosave memory: [mem 0x6a3d5000-0x6a3d5fff]
[Wed Mar  1 17:38:27 2023] PM: Registered nosave memory: [mem 0x6a3d6000-0x6a3d6fff]
[Wed Mar  1 17:38:27 2023] PM: Registered nosave memory: [mem 0x6a40a000-0x6a40afff]
[Wed Mar  1 17:38:27 2023] PM: Registered nosave memory: [mem 0x6a40b000-0x6a40bfff]
[Wed Mar  1 17:38:27 2023] PM: Registered nosave memory: [mem 0x6a43f000-0x6a43ffff]
[Wed Mar  1 17:38:27 2023] PM: Registered nosave memory: [mem 0x6a440000-0x6a440fff]
[Wed Mar  1 17:38:27 2023] PM: Registered nosave memory: [mem 0x6a449000-0x6a449fff]
[Wed Mar  1 17:38:27 2023] PM: Registered nosave memory: [mem 0x6a44a000-0x6a44afff]
[Wed Mar  1 17:38:27 2023] PM: Registered nosave memory: [mem 0x6a453000-0x6a453fff]
[Wed Mar  1 17:38:27 2023] PM: Registered nosave memory: [mem 0x6a454000-0x6a454fff]
[Wed Mar  1 17:38:27 2023] PM: Registered nosave memory: [mem 0x6a45d000-0x6a45dfff]
[Wed Mar  1 17:38:27 2023] PM: Registered nosave memory: [mem 0x6a45e000-0x6a45efff]
[Wed Mar  1 17:38:27 2023] PM: Registered nosave memory: [mem 0x6a469000-0x6a469fff]
[Wed Mar  1 17:38:27 2023] PM: Registered nosave memory: [mem 0x6a46a000-0x6a46afff]
[Wed Mar  1 17:38:27 2023] PM: Registered nosave memory: [mem 0x6a472000-0x6a472fff]
[Wed Mar  1 17:38:27 2023] PM: Registered nosave memory: [mem 0x6a473000-0x6a473fff]
[Wed Mar  1 17:38:27 2023] PM: Registered nosave memory: [mem 0x6a5c7000-0x6a5c7fff]
[Wed Mar  1 17:38:27 2023] PM: Registered nosave memory: [mem 0x6d9ec000-0x6da7bfff]
[Wed Mar  1 17:38:27 2023] PM: Registered nosave memory: [mem 0x6da7c000-0x6da9bfff]
[Wed Mar  1 17:38:27 2023] PM: Registered nosave memory: [mem 0x6da9c000-0x74dfdfff]
[Wed Mar  1 17:38:27 2023] PM: Registered nosave memory: [mem 0x750c0000-0x752c0fff]
[Wed Mar  1 17:38:27 2023] PM: Registered nosave memory: [mem 0x77f00000-0x8fffffff]
[Wed Mar  1 17:38:27 2023] PM: Registered nosave memory: [mem 0x90000000-0x97a7ffff]
[Wed Mar  1 17:38:27 2023] PM: Registered nosave memory: [mem 0x97a80000-0x97a8ffff]
[Wed Mar  1 17:38:27 2023] PM: Registered nosave memory: [mem 0x97a90000-0x9897ffff]
[Wed Mar  1 17:38:27 2023] PM: Registered nosave memory: [mem 0x98980000-0x9898ffff]
[Wed Mar  1 17:38:27 2023] PM: Registered nosave memory: [mem 0x98990000-0xaf97ffff]
[Wed Mar  1 17:38:27 2023] PM: Registered nosave memory: [mem 0xaf980000-0xaf98ffff]
[Wed Mar  1 17:38:27 2023] PM: Registered nosave memory: [mem 0xaf990000-0xb09fffff]
[Wed Mar  1 17:38:27 2023] PM: Registered nosave memory: [mem 0xb0a00000-0xb0b0ffff]
[Wed Mar  1 17:38:27 2023] PM: Registered nosave memory: [mem 0xb0b10000-0xb1e7ffff]
[Wed Mar  1 17:38:27 2023] PM: Registered nosave memory: [mem 0xb1e80000-0xb1e8ffff]
[Wed Mar  1 17:38:27 2023] PM: Registered nosave memory: [mem 0xb1e90000-0xb2e7ffff]
[Wed Mar  1 17:38:27 2023] PM: Registered nosave memory: [mem 0xb2e80000-0xb2e8ffff]
[Wed Mar  1 17:38:27 2023] PM: Registered nosave memory: [mem 0xb2e90000-0xc63fffff]
[Wed Mar  1 17:38:27 2023] PM: Registered nosave memory: [mem 0xc6400000-0xc64fffff]
[Wed Mar  1 17:38:27 2023] PM: Registered nosave memory: [mem 0xc6500000-0xc657ffff]
[Wed Mar  1 17:38:27 2023] PM: Registered nosave memory: [mem 0xc6580000-0xc658ffff]
[Wed Mar  1 17:38:27 2023] PM: Registered nosave memory: [mem 0xc6590000-0xc65fffff]
[Wed Mar  1 17:38:27 2023] PM: Registered nosave memory: [mem 0xc6600000-0xc66fffff]
[Wed Mar  1 17:38:27 2023] PM: Registered nosave memory: [mem 0xc6700000-0xc747ffff]
[Wed Mar  1 17:38:27 2023] PM: Registered nosave memory: [mem 0xc7480000-0xc748ffff]
[Wed Mar  1 17:38:27 2023] PM: Registered nosave memory: [mem 0xc7490000-0xfebeffff]
[Wed Mar  1 17:38:27 2023] PM: Registered nosave memory: [mem 0xfebf0000-0xfebfffff]
[Wed Mar  1 17:38:27 2023] PM: Registered nosave memory: [mem 0xfec00000-0xfed7ffff]
[Wed Mar  1 17:38:27 2023] PM: Registered nosave memory: [mem 0xfed80000-0xfed80fff]
[Wed Mar  1 17:38:27 2023] PM: Registered nosave memory: [mem 0xfed81000-0xffffffff]
[Wed Mar  1 17:38:27 2023] PM: Registered nosave memory: [mem 0x107fe00000-0x107fffffff]
[Wed Mar  1 17:38:27 2023] PM: Registered nosave memory: [mem 0x207ff00000-0x207fffffff]
[Wed Mar  1 17:38:27 2023] PM: Registered nosave memory: [mem 0x307ff00000-0x307fffffff]
[Wed Mar  1 17:38:27 2023] PM: Registered nosave memory: [mem 0x407f300000-0x407fffffff]
[Wed Mar  1 17:38:27 2023] PM: Registered nosave memory: [mem 0x507ff00000-0x507fffffff]
[Wed Mar  1 17:38:27 2023] PM: Registered nosave memory: [mem 0x607ff00000-0x607fffffff]
[Wed Mar  1 17:38:27 2023] PM: Registered nosave memory: [mem 0x707ff00000-0x707fffffff]
[Wed Mar  1 17:38:27 2023] [mem 0xc7490000-0xfebeffff] available for PCI devices
[Wed Mar  1 17:38:27 2023] Booting paravirtualized kernel on bare hardware
[Wed Mar  1 17:38:27 2023] clocksource: refined-jiffies: mask: 0xffffffff max_cycles: 0xffffffff, max_idle_ns: 1910969940391419 ns
[Wed Mar  1 17:38:27 2023] setup_percpu: NR_CPUS:8192 nr_cpumask_bits:128 nr_cpu_ids:128 nr_node_ids:8
[Wed Mar  1 17:38:27 2023] percpu: Embedded 55 pages/cpu s188416 r8192 d28672 u262144
[Wed Mar  1 17:38:27 2023] pcpu-alloc: s188416 r8192 d28672 u262144 alloc=1*2097152
[Wed Mar  1 17:38:27 2023] pcpu-alloc: [0] 000 001 002 003 004 005 006 007 
[Wed Mar  1 17:38:27 2023] pcpu-alloc: [0] 064 065 066 067 068 069 070 071 
[Wed Mar  1 17:38:27 2023] pcpu-alloc: [1] 008 009 010 011 012 013 014 015 
[Wed Mar  1 17:38:27 2023] pcpu-alloc: [1] 072 073 074 075 076 077 078 079 
[Wed Mar  1 17:38:27 2023] pcpu-alloc: [2] 016 017 018 019 020 021 022 023 
[Wed Mar  1 17:38:27 2023] pcpu-alloc: [2] 080 081 082 083 084 085 086 087 
[Wed Mar  1 17:38:27 2023] pcpu-alloc: [3] 024 025 026 027 028 029 030 031 
[Wed Mar  1 17:38:27 2023] pcpu-alloc: [3] 088 089 090 091 092 093 094 095 
[Wed Mar  1 17:38:27 2023] pcpu-alloc: [4] 032 033 034 035 036 037 038 039 
[Wed Mar  1 17:38:27 2023] pcpu-alloc: [4] 096 097 098 099 100 101 102 103 
[Wed Mar  1 17:38:27 2023] pcpu-alloc: [5] 040 041 042 043 044 045 046 047 
[Wed Mar  1 17:38:27 2023] pcpu-alloc: [5] 104 105 106 107 108 109 110 111 
[Wed Mar  1 17:38:27 2023] pcpu-alloc: [6] 048 049 050 051 052 053 054 055 
[Wed Mar  1 17:38:27 2023] pcpu-alloc: [6] 112 113 114 115 116 117 118 119 
[Wed Mar  1 17:38:27 2023] pcpu-alloc: [7] 056 057 058 059 060 061 062 063 
[Wed Mar  1 17:38:27 2023] pcpu-alloc: [7] 120 121 122 123 124 125 126 127 
[Wed Mar  1 17:38:27 2023] Built 8 zonelists, mobility grouping on.  Total pages: 132052765
[Wed Mar  1 17:38:27 2023] Policy zone: Normal
[Wed Mar  1 17:38:27 2023] Kernel command line: vmlinuz-4.18.0-372.36.1.el8_6.x86_64 initrd=initramfs-4.18.0-372.36.1.el8_6.x86_64.img ROOTFS=disk IMAGE_PENDING=1 IMAGE=ap6500-xl675d-rhel8.6-20230110 SLOT=1 console=ttyS0,115200n8 NODETYPE=service NODE_ID=service98 HOSTNAME=jean-zay-iam06 SLOTCOUNT=2 MONITOR_CONSOLE=yes ro root=dhcp selinux=0 biosdevname=0 numa_balancing=disable rd.driver.blacklist=nouveau,hfi1 nouveau.modeset=0 pci=realloc=off TRANSPORT=udpcast IMAGESERVER=172.23.0.1 TTL=1 MCAST_RDV_ADDR=224.0.0.1 FLAMETHROWER_DIRECTORY_PORTBASE=9000 START_TIMEOUT=30 RECEIVE_TIMEOUT=5 crashkernel=410M net.ifnames=1 MGMT_BONDING_TYPE=active-backup RW_SPARSE_PERHOST_SIZE=500M MAC=d4:f5:ef:6b:48:7c
[Wed Mar  1 17:38:27 2023] Specific versions of hardware are certified with Red Hat Enterprise Linux 8. Please see the list of hardware certified with Red Hat Enterprise Linux 8 at https://catalog.redhat.com.
[Wed Mar  1 17:38:27 2023] Memory: 1919676K/536596016K available (12293K kernel code, 5866K rwdata, 8292K rodata, 2540K init, 14320K bss, 9441304K reserved, 0K cma-reserved)
[Wed Mar  1 17:38:27 2023] SLUB: HWalign=64, Order=0-3, MinObjects=0, CPUs=128, Nodes=8
[Wed Mar  1 17:38:27 2023] ftrace: allocating 40023 entries in 157 pages
[Wed Mar  1 17:38:27 2023] ftrace: allocated 157 pages with 5 groups
[Wed Mar  1 17:38:27 2023] rcu: Hierarchical RCU implementation.
[Wed Mar  1 17:38:27 2023] rcu: 	RCU restricting CPUs from NR_CPUS=8192 to nr_cpu_ids=128.
[Wed Mar  1 17:38:27 2023] 	Rude variant of Tasks RCU enabled.
[Wed Mar  1 17:38:27 2023] 	Tracing variant of Tasks RCU enabled.
[Wed Mar  1 17:38:27 2023] rcu: RCU calculated value of scheduler-enlistment delay is 100 jiffies.
[Wed Mar  1 17:38:27 2023] rcu: Adjusting geometry for rcu_fanout_leaf=16, nr_cpu_ids=128
[Wed Mar  1 17:38:27 2023] NR_IRQS: 524544, nr_irqs: 5800, preallocated irqs: 16
[Wed Mar  1 17:38:27 2023] random: crng done (trusting CPU's manufacturer)
[Wed Mar  1 17:38:27 2023] Console: colour dummy device 80x25
[Wed Mar  1 17:38:27 2023] printk: console [ttyS0] enabled
[Wed Mar  1 17:38:27 2023] ACPI: Core revision 20210604
[Wed Mar  1 17:38:27 2023] clocksource: hpet: mask: 0xffffffff max_cycles: 0xffffffff, max_idle_ns: 133484873504 ns
[Wed Mar  1 17:38:27 2023] hpet clockevent registered
[Wed Mar  1 17:38:27 2023] APIC: Switch to symmetric I/O mode setup
[Wed Mar  1 17:38:27 2023] Switched APIC routing to physical flat.
[Wed Mar  1 17:38:27 2023] ..TIMER: vector=0x30 apic1=0 pin1=2 apic2=-1 pin2=-1
[Wed Mar  1 17:38:27 2023] clocksource: tsc-early: mask: 0xffffffffffffffff max_cycles: 0x28488e32715, max_idle_ns: 440795332937 ns
[Wed Mar  1 17:38:27 2023] Calibrating delay loop (skipped), value calculated using timer frequency.. 5589.32 BogoMIPS (lpj=2794662)
[Wed Mar  1 17:38:27 2023] pid_max: default: 131072 minimum: 1024
[Wed Mar  1 17:38:27 2023] LSM: Security Framework initializing
[Wed Mar  1 17:38:27 2023] Yama: becoming mindful.
[Wed Mar  1 17:38:27 2023] LSM support for eBPF active
[Wed Mar  1 17:38:27 2023] Dentry cache hash table entries: 16777216 (order: 15, 134217728 bytes, vmalloc)
[Wed Mar  1 17:38:27 2023] Inode-cache hash table entries: 8388608 (order: 14, 67108864 bytes, vmalloc)
[Wed Mar  1 17:38:27 2023] Mount-cache hash table entries: 262144 (order: 9, 2097152 bytes, vmalloc)
[Wed Mar  1 17:38:27 2023] Mountpoint-cache hash table entries: 262144 (order: 9, 2097152 bytes, vmalloc)
[Wed Mar  1 17:38:27 2023] x86/cpu: User Mode Instruction Prevention (UMIP) activated
[Wed Mar  1 17:38:27 2023] LVT offset 2 assigned for vector 0xf4
[Wed Mar  1 17:38:27 2023] Last level iTLB entries: 4KB 512, 2MB 512, 4MB 256
[Wed Mar  1 17:38:27 2023] Last level dTLB entries: 4KB 2048, 2MB 2048, 4MB 1024, 1GB 0
[Wed Mar  1 17:38:27 2023] Spectre V1 : Mitigation: usercopy/swapgs barriers and __user pointer sanitization
[Wed Mar  1 17:38:27 2023] Spectre V2 : Mitigation: Retpolines
[Wed Mar  1 17:38:27 2023] Spectre V2 : Spectre v2 / SpectreRSB mitigation: Filling RSB on context switch
[Wed Mar  1 17:38:27 2023] Spectre V2 : Enabling Restricted Speculation for firmware calls
[Wed Mar  1 17:38:27 2023] Spectre V2 : mitigation: Enabling conditional Indirect Branch Prediction Barrier
[Wed Mar  1 17:38:27 2023] Spectre V2 : User space: Mitigation: STIBP always-on protection
[Wed Mar  1 17:38:27 2023] Speculative Store Bypass: Mitigation: Speculative Store Bypass disabled via prctl and seccomp
[Wed Mar  1 17:38:27 2023] Freeing SMP alternatives memory: 36K
[Wed Mar  1 17:38:27 2023] smpboot: CPU0: AMD EPYC 7543 32-Core Processor (family: 0x19, model: 0x1, stepping: 0x1)
[Wed Mar  1 17:38:27 2023] Performance Events: Fam17h+ core perfctr, AMD PMU driver.
[Wed Mar  1 17:38:27 2023] ... version:                0
[Wed Mar  1 17:38:27 2023] ... bit width:              48
[Wed Mar  1 17:38:27 2023] ... generic registers:      6
[Wed Mar  1 17:38:27 2023] ... value mask:             0000ffffffffffff
[Wed Mar  1 17:38:27 2023] ... max period:             00007fffffffffff
[Wed Mar  1 17:38:27 2023] ... fixed-purpose events:   0
[Wed Mar  1 17:38:27 2023] ... event mask:             000000000000003f
[Wed Mar  1 17:38:27 2023] rcu: Hierarchical SRCU implementation.
[Wed Mar  1 17:38:27 2023] NMI watchdog: Enabled. Permanently consumes one hw-PMU counter.
[Wed Mar  1 17:38:27 2023] smp: Bringing up secondary CPUs ...
[Wed Mar  1 17:38:27 2023] x86: Booting SMP configuration:
[Wed Mar  1 17:38:27 2023] .... node  #0, CPUs:          #1   #2   #3   #4   #5   #6   #7
[Wed Mar  1 17:38:27 2023] .... node  #1, CPUs:     #8   #9  #10  #11  #12  #13  #14  #15
[Wed Mar  1 17:38:27 2023] .... node  #2, CPUs:    #16  #17  #18  #19  #20  #21  #22  #23
[Wed Mar  1 17:38:27 2023] .... node  #3, CPUs:    #24  #25  #26  #27  #28  #29  #30  #31
[Wed Mar  1 17:38:27 2023] .... node  #4, CPUs:    #32
[Wed Mar  1 17:38:27 2023] smpboot: CPU 32 Converting physical 0 to logical die 1
[Wed Mar  1 17:38:27 2023]   #33  #34  #35  #36  #37  #38  #39
[Wed Mar  1 17:38:27 2023] .... node  #5, CPUs:    #40  #41  #42  #43  #44  #45  #46  #47
[Wed Mar  1 17:38:27 2023] .... node  #6, CPUs:    #48  #49  #50  #51  #52  #53  #54  #55
[Wed Mar  1 17:38:27 2023] .... node  #7, CPUs:    #56  #57  #58  #59  #60  #61  #62  #63
[Wed Mar  1 17:38:27 2023] .... node  #0, CPUs:    #64
[Wed Mar  1 17:38:27 2023] Spectre V2 : Update user space SMT mitigation: STIBP always-on
[Wed Mar  1 17:38:27 2023]   #65  #66  #67  #68  #69  #70  #71
[Wed Mar  1 17:38:27 2023] .... node  #1, CPUs:    #72  #73  #74  #75  #76  #77  #78  #79
[Wed Mar  1 17:38:27 2023] .... node  #2, CPUs:    #80  #81  #82  #83  #84  #85  #86  #87
[Wed Mar  1 17:38:27 2023] .... node  #3, CPUs:    #88  #89  #90  #91  #92  #93  #94  #95
[Wed Mar  1 17:38:27 2023] .... node  #4, CPUs:    #96  #97  #98  #99 #100 #101 #102 #103
[Wed Mar  1 17:38:27 2023] .... node  #5, CPUs:   #104 #105 #106 #107 #108 #109 #110 #111
[Wed Mar  1 17:38:27 2023] .... node  #6, CPUs:   #112 #113 #114 #115 #116 #117 #118 #119
[Wed Mar  1 17:38:27 2023] .... node  #7, CPUs:   #120 #121 #122 #123 #124 #125 #126 #127
[Wed Mar  1 17:38:27 2023] smp: Brought up 8 nodes, 128 CPUs
[Wed Mar  1 17:38:27 2023] smpboot: Max logical packages: 2
[Wed Mar  1 17:38:27 2023] smpboot: Total of 128 processors activated (714756.86 BogoMIPS)
[Wed Mar  1 17:38:27 2023] node 0 deferred pages initialised in 50ms
[Wed Mar  1 17:38:27 2023] node 3 deferred pages initialised in 55ms
[Wed Mar  1 17:38:27 2023] node 6 deferred pages initialised in 56ms
[Wed Mar  1 17:38:27 2023] node 5 deferred pages initialised in 56ms
[Wed Mar  1 17:38:27 2023] node 1 deferred pages initialised in 56ms
[Wed Mar  1 17:38:27 2023] node 4 deferred pages initialised in 56ms
[Wed Mar  1 17:38:27 2023] node 2 deferred pages initialised in 57ms
[Wed Mar  1 17:38:27 2023] node 7 deferred pages initialised in 58ms
[Wed Mar  1 17:38:27 2023] devtmpfs: initialized
[Wed Mar  1 17:38:27 2023] x86/mm: Memory block size: 128MB
[Wed Mar  1 17:38:27 2023] ACPI: PM: Registering ACPI NVS region [mem 0x6da7c000-0x6da9bfff] (131072 bytes)
[Wed Mar  1 17:38:27 2023] clocksource: jiffies: mask: 0xffffffff max_cycles: 0xffffffff, max_idle_ns: 1911260446275000 ns
[Wed Mar  1 17:38:27 2023] futex hash table entries: 32768 (order: 9, 2097152 bytes, vmalloc)
[Wed Mar  1 17:38:27 2023] pinctrl core: initialized pinctrl subsystem
[Wed Mar  1 17:38:27 2023] NET: Registered protocol family 16
[Wed Mar  1 17:38:27 2023] DMA: preallocated 4096 KiB GFP_KERNEL pool for atomic allocations
[Wed Mar  1 17:38:27 2023] DMA: preallocated 4096 KiB GFP_KERNEL|GFP_DMA pool for atomic allocations
[Wed Mar  1 17:38:27 2023] DMA: preallocated 4096 KiB GFP_KERNEL|GFP_DMA32 pool for atomic allocations
[Wed Mar  1 17:38:27 2023] audit: initializing netlink subsys (disabled)
[Wed Mar  1 17:38:27 2023] audit: type=2000 audit(1677688701.527:1): state=initialized audit_enabled=0 res=1
[Wed Mar  1 17:38:27 2023] cpuidle: using governor menu
[Wed Mar  1 17:38:27 2023] Invalid PCCT: 0 PCC subspaces
[Wed Mar  1 17:38:27 2023] ACPI FADT declares the system doesn't support PCIe ASPM, so disable it
[Wed Mar  1 17:38:27 2023] ACPI: bus type PCI registered
[Wed Mar  1 17:38:27 2023] acpiphp: ACPI Hot Plug PCI Controller Driver version: 0.5
[Wed Mar  1 17:38:27 2023] PCI: MMCONFIG for domain 0000 [bus 00-ff] at [mem 0x80000000-0x8fffffff] (base 0x80000000)
[Wed Mar  1 17:38:27 2023] PCI: MMCONFIG at [mem 0x80000000-0x8fffffff] reserved in E820
[Wed Mar  1 17:38:27 2023] PCI: Using configuration type 1 for base access
[Wed Mar  1 17:38:27 2023] HugeTLB registered 1.00 GiB page size, pre-allocated 0 pages
[Wed Mar  1 17:38:27 2023] HugeTLB registered 2.00 MiB page size, pre-allocated 0 pages
[Wed Mar  1 17:38:27 2023] cryptd: max_cpu_qlen set to 1000
[Wed Mar  1 17:38:27 2023] ACPI: Added _OSI(Module Device)
[Wed Mar  1 17:38:27 2023] ACPI: Added _OSI(Processor Device)
[Wed Mar  1 17:38:27 2023] ACPI: Added _OSI(3.0 _SCP Extensions)
[Wed Mar  1 17:38:27 2023] ACPI: Added _OSI(Processor Aggregator Device)
[Wed Mar  1 17:38:27 2023] ACPI: Added _OSI(Linux-Dell-Video)
[Wed Mar  1 17:38:27 2023] ACPI: Added _OSI(Linux-Lenovo-NV-HDMI-Audio)
[Wed Mar  1 17:38:27 2023] ACPI: Added _OSI(Linux-HPI-Hybrid-Graphics)
[Wed Mar  1 17:38:27 2023] ACPI: 5 ACPI AML tables successfully acquired and loaded
[Wed Mar  1 17:38:27 2023] ACPI: Interpreter enabled
[Wed Mar  1 17:38:27 2023] ACPI: PM: (supports S0 S5)
[Wed Mar  1 17:38:27 2023] ACPI: Using IOAPIC for interrupt routing
[Wed Mar  1 17:38:27 2023] HEST: Table parsing has been initialized.
[Wed Mar  1 17:38:27 2023] PCI: Using host bridge windows from ACPI; if necessary, use "pci=nocrs" and report a bug
[Wed Mar  1 17:38:27 2023] ACPI: Enabled 2 GPEs in block 00 to 1F
[Wed Mar  1 17:38:27 2023] ACPI: PCI Root Bridge [PC00] (domain 0000 [bus 60-7f])
[Wed Mar  1 17:38:27 2023] acpi PNP0A08:00: _OSC: OS supports [ExtendedConfig ASPM ClockPM Segments MSI EDR HPX-Type3]
[Wed Mar  1 17:38:27 2023] acpi PNP0A08:00: _OSC: platform does not support [SHPCHotplug AER LTR DPC]
[Wed Mar  1 17:38:27 2023] acpi PNP0A08:00: _OSC: OS now controls [PCIeHotplug PME PCIeCapability]
[Wed Mar  1 17:38:27 2023] acpi PNP0A08:00: FADT indicates ASPM is unsupported, using BIOS configuration
[Wed Mar  1 17:38:27 2023] PCI host bridge to bus 0000:60
[Wed Mar  1 17:38:27 2023] pci_bus 0000:60: root bus resource [io  0x03b0-0x03bb window]
[Wed Mar  1 17:38:27 2023] pci_bus 0000:60: root bus resource [io  0x03c0-0x03df window]
[Wed Mar  1 17:38:27 2023] pci_bus 0000:60: root bus resource [mem 0x000a0000-0x000bffff window]
[Wed Mar  1 17:38:27 2023] pci_bus 0000:60: root bus resource [io  0x4000-0x6fff window]
[Wed Mar  1 17:38:27 2023] pci_bus 0000:60: root bus resource [mem 0xbb800000-0xc62fffff window]
[Wed Mar  1 17:38:27 2023] pci_bus 0000:60: root bus resource [mem 0x10020200000-0x1002020ffff window]
[Wed Mar  1 17:38:27 2023] pci_bus 0000:60: root bus resource [bus 60-7f]
[Wed Mar  1 17:38:27 2023] pci 0000:60:00.0: [1022:1480] type 00 class 0x060000
[Wed Mar  1 17:38:27 2023] pci 0000:60:01.0: [1022:1482] type 00 class 0x060000
[Wed Mar  1 17:38:27 2023] pci 0000:60:02.0: [1022:1482] type 00 class 0x060000
[Wed Mar  1 17:38:27 2023] pci 0000:60:03.0: [1022:1482] type 00 class 0x060000
[Wed Mar  1 17:38:27 2023] pci 0000:60:03.1: [1022:1483] type 01 class 0x060400
[Wed Mar  1 17:38:27 2023] pci 0000:60:03.1: PME# supported from D0 D3hot D3cold
[Wed Mar  1 17:38:27 2023] pci 0000:60:04.0: [1022:1482] type 00 class 0x060000
[Wed Mar  1 17:38:27 2023] pci 0000:60:05.0: [1022:1482] type 00 class 0x060000
[Wed Mar  1 17:38:27 2023] pci 0000:60:05.2: [1022:149a] type 01 class 0x060400
[Wed Mar  1 17:38:27 2023] pci 0000:60:05.2: PME# supported from D0 D3hot D3cold
[Wed Mar  1 17:38:27 2023] pci 0000:60:07.0: [1022:1482] type 00 class 0x060000
[Wed Mar  1 17:38:27 2023] pci 0000:60:07.1: [1022:1484] type 01 class 0x060400
[Wed Mar  1 17:38:27 2023] pci 0000:60:07.1: enabling Extended Tags
[Wed Mar  1 17:38:27 2023] pci 0000:60:07.1: PME# supported from D0 D3hot D3cold
[Wed Mar  1 17:38:27 2023] pci 0000:60:08.0: [1022:1482] type 00 class 0x060000
[Wed Mar  1 17:38:27 2023] pci 0000:60:08.1: [1022:1484] type 01 class 0x060400
[Wed Mar  1 17:38:27 2023] pci 0000:60:08.1: enabling Extended Tags
[Wed Mar  1 17:38:27 2023] pci 0000:60:08.1: PME# supported from D0 D3hot D3cold
[Wed Mar  1 17:38:27 2023] pci 0000:64:00.0: [9005:028f] type 00 class 0x010700
[Wed Mar  1 17:38:27 2023] pci 0000:64:00.0: reg 0x10: [mem 0xc2000000-0xc2007fff 64bit]
[Wed Mar  1 17:38:27 2023] pci 0000:64:00.0: reg 0x20: [io  0x5000-0x50ff]
[Wed Mar  1 17:38:27 2023] pci 0000:64:00.0: reg 0x30: [mem 0x00000000-0x001fffff pref]
[Wed Mar  1 17:38:27 2023] pci 0000:64:00.0: enabling Extended Tags
[Wed Mar  1 17:38:27 2023] pci 0000:64:00.0: supports D1
[Wed Mar  1 17:38:27 2023] pci 0000:64:00.0: PME# supported from D0 D1 D3hot
[Wed Mar  1 17:38:27 2023] pci 0000:60:03.1: PCI bridge to [bus 64]
[Wed Mar  1 17:38:27 2023] pci 0000:60:03.1:   bridge window [io  0x5000-0x5fff]
[Wed Mar  1 17:38:27 2023] pci 0000:60:03.1:   bridge window [mem 0xc2000000-0xc20fffff]
[Wed Mar  1 17:38:27 2023] pci 0000:61:00.0: [103c:3306] type 00 class 0x088000
[Wed Mar  1 17:38:27 2023] pci 0000:61:00.0: reg 0x10: [io  0x4200-0x42ff]
[Wed Mar  1 17:38:27 2023] pci 0000:61:00.0: reg 0x14: [mem 0xc1b9e000-0xc1b9e3ff]
[Wed Mar  1 17:38:27 2023] pci 0000:61:00.0: reg 0x18: [io  0x4100-0x41ff]
[Wed Mar  1 17:38:27 2023] pci 0000:61:00.0: reg 0x1c: [mem 0xbc000000-0xbfffffff]
[Wed Mar  1 17:38:27 2023] pci 0000:61:00.0: reg 0x20: [mem 0xc1800000-0xc19fffff]
[Wed Mar  1 17:38:27 2023] pci 0000:61:00.1: [102b:0538] type 00 class 0x030000
[Wed Mar  1 17:38:27 2023] pci 0000:61:00.1: reg 0x10: [mem 0xc0000000-0xc0ffffff pref]
[Wed Mar  1 17:38:27 2023] pci 0000:61:00.1: reg 0x14: [mem 0xc1b98000-0xc1b9bfff]
[Wed Mar  1 17:38:27 2023] pci 0000:61:00.1: reg 0x18: [mem 0xc1000000-0xc17fffff]
[Wed Mar  1 17:38:27 2023] pci 0000:61:00.1: BAR 0: assigned to efifb
[Wed Mar  1 17:38:27 2023] pci 0000:61:00.2: [103c:3307] type 00 class 0x088000
[Wed Mar  1 17:38:27 2023] pci 0000:61:00.2: reg 0x10: [io  0x4000-0x40ff]
[Wed Mar  1 17:38:27 2023] pci 0000:61:00.2: reg 0x14: [mem 0xc1b9d000-0xc1b9d0ff]
[Wed Mar  1 17:38:27 2023] pci 0000:61:00.2: reg 0x18: [mem 0xc1a00000-0xc1afffff]
[Wed Mar  1 17:38:27 2023] pci 0000:61:00.2: reg 0x1c: [mem 0xc1b00000-0xc1b7ffff]
[Wed Mar  1 17:38:27 2023] pci 0000:61:00.2: reg 0x20: [mem 0xc1b90000-0xc1b97fff]
[Wed Mar  1 17:38:27 2023] pci 0000:61:00.2: reg 0x24: [mem 0xc1b80000-0xc1b8ffff]
[Wed Mar  1 17:38:27 2023] pci 0000:61:00.2: reg 0x30: [mem 0x00000000-0x0000ffff pref]
[Wed Mar  1 17:38:27 2023] pci 0000:61:00.2: PME# supported from D0 D3hot D3cold
[Wed Mar  1 17:38:27 2023] pci 0000:61:00.4: [103c:22f6] type 00 class 0x0c0320
[Wed Mar  1 17:38:27 2023] pci 0000:61:00.4: reg 0x10: [mem 0xc1b9c000-0xc1b9c0ff]
[Wed Mar  1 17:38:27 2023] pci 0000:60:05.2: PCI bridge to [bus 61]
[Wed Mar  1 17:38:27 2023] pci 0000:60:05.2:   bridge window [io  0x4000-0x4fff]
[Wed Mar  1 17:38:27 2023] pci 0000:60:05.2:   bridge window [mem 0xbb800000-0xc1bfffff]
[Wed Mar  1 17:38:27 2023] pci 0000:62:00.0: [1022:148a] type 00 class 0x130000
[Wed Mar  1 17:38:27 2023] pci 0000:62:00.0: enabling Extended Tags
[Wed Mar  1 17:38:27 2023] pci 0000:62:00.2: [1022:1498] type 00 class 0x108000
[Wed Mar  1 17:38:27 2023] pci 0000:62:00.2: reg 0x18: [mem 0xc1f00000-0xc1f7ffff]
[Wed Mar  1 17:38:27 2023] pci 0000:62:00.2: reg 0x24: [mem 0xc1f80000-0xc1f81fff]
[Wed Mar  1 17:38:27 2023] pci 0000:62:00.2: enabling Extended Tags
[Wed Mar  1 17:38:27 2023] pci 0000:60:07.1: PCI bridge to [bus 62]
[Wed Mar  1 17:38:27 2023] pci 0000:60:07.1:   bridge window [mem 0xc1f00000-0xc1ffffff]
[Wed Mar  1 17:38:27 2023] pci 0000:63:00.0: [1022:1485] type 00 class 0x130000
[Wed Mar  1 17:38:27 2023] pci 0000:63:00.0: enabling Extended Tags
[Wed Mar  1 17:38:27 2023] pci 0000:63:00.2: [1022:1498] type 00 class 0x108000
[Wed Mar  1 17:38:27 2023] pci 0000:63:00.2: reg 0x18: [mem 0xc1e00000-0xc1e7ffff]
[Wed Mar  1 17:38:27 2023] pci 0000:63:00.2: reg 0x24: [mem 0xc1e80000-0xc1e81fff]
[Wed Mar  1 17:38:27 2023] pci 0000:63:00.2: enabling Extended Tags
[Wed Mar  1 17:38:27 2023] pci 0000:60:08.1: PCI bridge to [bus 63]
[Wed Mar  1 17:38:27 2023] pci 0000:60:08.1:   bridge window [mem 0xc1e00000-0xc1efffff]
[Wed Mar  1 17:38:27 2023] pci_bus 0000:60: on NUMA node 0
[Wed Mar  1 17:38:27 2023] ACPI: PCI Root Bridge [PC01] (domain 0000 [bus 40-5f])
[Wed Mar  1 17:38:27 2023] acpi PNP0A08:01: _OSC: OS supports [ExtendedConfig ASPM ClockPM Segments MSI EDR HPX-Type3]
[Wed Mar  1 17:38:27 2023] acpi PNP0A08:01: _OSC: platform does not support [SHPCHotplug AER LTR DPC]
[Wed Mar  1 17:38:27 2023] acpi PNP0A08:01: _OSC: OS now controls [PCIeHotplug PME PCIeCapability]
[Wed Mar  1 17:38:27 2023] acpi PNP0A08:01: FADT indicates ASPM is unsupported, using BIOS configuration
[Wed Mar  1 17:38:27 2023] PCI host bridge to bus 0000:40
[Wed Mar  1 17:38:27 2023] pci_bus 0000:40: root bus resource [io  0x3000-0x3fff window]
[Wed Mar  1 17:38:27 2023] pci_bus 0000:40: root bus resource [mem 0xb4000000-0xbb7fffff window]
[Wed Mar  1 17:38:27 2023] pci_bus 0000:40: root bus resource [mem 0x12000000000-0x1942a3fffff window]
[Wed Mar  1 17:38:27 2023] pci_bus 0000:40: root bus resource [bus 40-5f]
[Wed Mar  1 17:38:27 2023] pci 0000:40:00.0: [1022:1480] type 00 class 0x060000
[Wed Mar  1 17:38:27 2023] pci 0000:40:01.0: [1022:1482] type 00 class 0x060000
[Wed Mar  1 17:38:27 2023] pci 0000:40:01.1: [1022:1483] type 01 class 0x060400
[Wed Mar  1 17:38:27 2023] pci 0000:40:01.1: PME# supported from D0 D3hot D3cold
[Wed Mar  1 17:38:27 2023] pci 0000:40:02.0: [1022:1482] type 00 class 0x060000
[Wed Mar  1 17:38:27 2023] pci 0000:40:03.0: [1022:1482] type 00 class 0x060000
[Wed Mar  1 17:38:27 2023] pci 0000:40:04.0: [1022:1482] type 00 class 0x060000
[Wed Mar  1 17:38:27 2023] pci 0000:40:05.0: [1022:1482] type 00 class 0x060000
[Wed Mar  1 17:38:27 2023] pci 0000:40:07.0: [1022:1482] type 00 class 0x060000
[Wed Mar  1 17:38:27 2023] pci 0000:40:07.1: [1022:1484] type 01 class 0x060400
[Wed Mar  1 17:38:27 2023] pci 0000:40:07.1: enabling Extended Tags
[Wed Mar  1 17:38:27 2023] pci 0000:40:07.1: PME# supported from D0 D3hot D3cold
[Wed Mar  1 17:38:27 2023] pci 0000:40:08.0: [1022:1482] type 00 class 0x060000
[Wed Mar  1 17:38:27 2023] pci 0000:40:08.1: [1022:1484] type 01 class 0x060400
[Wed Mar  1 17:38:27 2023] pci 0000:40:08.1: enabling Extended Tags
[Wed Mar  1 17:38:27 2023] pci 0000:40:08.1: PME# supported from D0 D3hot D3cold
[Wed Mar  1 17:38:27 2023] pci 0000:43:00.0: [11f8:4000] type 01 class 0x060400
[Wed Mar  1 17:38:27 2023] pci 0000:43:00.0: enabling Extended Tags
[Wed Mar  1 17:38:27 2023] pci 0000:43:00.0: PME# supported from D0 D3hot D3cold
[Wed Mar  1 17:38:27 2023] pci 0000:43:00.1: [11f8:4000] type 00 class 0x058000
[Wed Mar  1 17:38:27 2023] pci 0000:43:00.1: reg 0x10: [mem 0x18002000000-0x180023fffff 64bit pref]
[Wed Mar  1 17:38:27 2023] pci 0000:43:00.1: enabling Extended Tags
[Wed Mar  1 17:38:27 2023] pci 0000:43:00.1: PME# supported from D0 D3hot D3cold
[Wed Mar  1 17:38:27 2023] pci 0000:40:01.1: PCI bridge to [bus 43-4e]
[Wed Mar  1 17:38:27 2023] pci 0000:40:01.1:   bridge window [mem 0xb4000000-0xb9ffffff]
[Wed Mar  1 17:38:27 2023] pci 0000:40:01.1:   bridge window [mem 0x12000000000-0x180023fffff 64bit pref]
[Wed Mar  1 17:38:27 2023] pci 0000:44:00.0: [11f8:4000] type 01 class 0x060400
[Wed Mar  1 17:38:27 2023] pci 0000:44:00.0: enabling Extended Tags
[Wed Mar  1 17:38:27 2023] pci 0000:44:00.0: PME# supported from D0 D3hot D3cold
[Wed Mar  1 17:38:27 2023] pci 0000:44:01.0: [11f8:4000] type 01 class 0x060400
[Wed Mar  1 17:38:27 2023] pci 0000:44:01.0: enabling Extended Tags
[Wed Mar  1 17:38:27 2023] pci 0000:44:01.0: PME# supported from D0 D3hot D3cold
[Wed Mar  1 17:38:27 2023] pci 0000:44:02.0: [11f8:4000] type 01 class 0x060400
[Wed Mar  1 17:38:27 2023] pci 0000:44:02.0: enabling Extended Tags
[Wed Mar  1 17:38:27 2023] pci 0000:44:02.0: PME# supported from D0 D3hot D3cold
[Wed Mar  1 17:38:28 2023] pci 0000:44:03.0: [11f8:4000] type 01 class 0x060400
[Wed Mar  1 17:38:28 2023] pci 0000:44:03.0: enabling Extended Tags
[Wed Mar  1 17:38:28 2023] pci 0000:44:03.0: PME# supported from D0 D3hot D3cold
[Wed Mar  1 17:38:28 2023] pci 0000:44:04.0: [11f8:4000] type 01 class 0x060400
[Wed Mar  1 17:38:28 2023] pci 0000:44:04.0: enabling Extended Tags
[Wed Mar  1 17:38:28 2023] pci 0000:44:04.0: PME# supported from D0 D3hot D3cold
[Wed Mar  1 17:38:28 2023] pci 0000:43:00.0: PCI bridge to [bus 44-4e]
[Wed Mar  1 17:38:28 2023] pci 0000:43:00.0:   bridge window [mem 0xb4000000-0xb9ffffff]
[Wed Mar  1 17:38:28 2023] pci 0000:43:00.0:   bridge window [mem 0x12000000000-0x18001ffffff 64bit pref]
[Wed Mar  1 17:38:28 2023] pci 0000:45:00.0: [8086:24f0] type 00 class 0x020800
[Wed Mar  1 17:38:28 2023] pci 0000:45:00.0: reg 0x10: [mem 0xb4000000-0xb7ffffff 64bit]
[Wed Mar  1 17:38:28 2023] pci 0000:45:00.0: reg 0x30: [mem 0x00000000-0x0001ffff pref]
[Wed Mar  1 17:38:28 2023] pci 0000:45:00.0: PME# supported from D0
[Wed Mar  1 17:38:28 2023] pci 0000:44:00.0: PCI bridge to [bus 45]
[Wed Mar  1 17:38:28 2023] pci 0000:44:00.0:   bridge window [mem 0xb4000000-0xb7ffffff]
[Wed Mar  1 17:38:28 2023] pci 0000:46:00.0: [1000:c010] type 01 class 0x060400
[Wed Mar  1 17:38:28 2023] pci 0000:46:00.0: PME# supported from D0 D3hot D3cold
[Wed Mar  1 17:38:28 2023] pci 0000:44:01.0: PCI bridge to [bus 46-49]
[Wed Mar  1 17:38:28 2023] pci 0000:44:01.0:   bridge window [mem 0xb9000000-0xb9ffffff]
[Wed Mar  1 17:38:28 2023] pci 0000:44:01.0:   bridge window [mem 0x12000000000-0x140020fffff 64bit pref]
[Wed Mar  1 17:38:28 2023] pci 0000:47:00.0: [1000:c010] type 01 class 0x060400
[Wed Mar  1 17:38:28 2023] pci 0000:47:00.0: PME# supported from D0 D3hot D3cold
[Wed Mar  1 17:38:28 2023] pci 0000:47:1f.0: [1000:c010] type 01 class 0x060400
[Wed Mar  1 17:38:28 2023] pci 0000:47:1f.0: PME# supported from D0 D3hot D3cold
[Wed Mar  1 17:38:28 2023] pci 0000:46:00.0: PCI bridge to [bus 47-49]
[Wed Mar  1 17:38:28 2023] pci 0000:46:00.0:   bridge window [mem 0xb9000000-0xb9ffffff]
[Wed Mar  1 17:38:28 2023] pci 0000:46:00.0:   bridge window [mem 0x12000000000-0x140020fffff 64bit pref]
[Wed Mar  1 17:38:28 2023] pci 0000:48:00.0: [10de:20b2] type 00 class 0x030200
[Wed Mar  1 17:38:28 2023] pci 0000:48:00.0: reg 0x10: [mem 0xb9000000-0xb9ffffff]
[Wed Mar  1 17:38:28 2023] pci 0000:48:00.0: reg 0x14: [mem 0x12000000000-0x13fffffffff 64bit pref]
[Wed Mar  1 17:38:28 2023] pci 0000:48:00.0: reg 0x1c: [mem 0x14000000000-0x14001ffffff 64bit pref]
[Wed Mar  1 17:38:28 2023] pci 0000:48:00.0: Enabling HDA controller
[Wed Mar  1 17:38:28 2023] pci 0000:48:00.0: PME# supported from D0 D3hot
[Wed Mar  1 17:38:28 2023] pci 0000:48:00.0: reg 0xbf0: [mem 0x00000000-0x0003ffff]
[Wed Mar  1 17:38:28 2023] pci 0000:48:00.0: VF(n) BAR0 space: [mem 0x00000000-0x004fffff] (contains BAR0 for 20 VFs)
[Wed Mar  1 17:38:28 2023] pci 0000:48:00.0: reg 0xbf4: [mem 0x00000000-0xffffffff 64bit pref]
[Wed Mar  1 17:38:28 2023] pci 0000:48:00.0: VF(n) BAR1 space: [mem 0x00000000-0x13ffffffff 64bit pref] (contains BAR1 for 20 VFs)
[Wed Mar  1 17:38:28 2023] pci 0000:48:00.0: reg 0xbfc: [mem 0x00000000-0x01ffffff 64bit pref]
[Wed Mar  1 17:38:28 2023] pci 0000:48:00.0: VF(n) BAR3 space: [mem 0x00000000-0x27ffffff 64bit pref] (contains BAR3 for 20 VFs)
[Wed Mar  1 17:38:28 2023] pci 0000:47:00.0: PCI bridge to [bus 48]
[Wed Mar  1 17:38:28 2023] pci 0000:47:00.0:   bridge window [mem 0xb9000000-0xb9ffffff]
[Wed Mar  1 17:38:28 2023] pci 0000:47:00.0:   bridge window [mem 0x12000000000-0x14001ffffff 64bit pref]
[Wed Mar  1 17:38:28 2023] pci 0000:49:00.0: [1000:00b2] type 00 class 0x010700
[Wed Mar  1 17:38:28 2023] pci 0000:49:00.0: reg 0x10: [mem 0x14002000000-0x14002003fff 64bit pref]
[Wed Mar  1 17:38:28 2023] pci 0000:49:00.0: PME# supported from D0 D3hot D3cold
[Wed Mar  1 17:38:28 2023] pci 0000:47:1f.0: PCI bridge to [bus 49]
[Wed Mar  1 17:38:28 2023] pci 0000:47:1f.0:   bridge window [mem 0x14002000000-0x140020fffff 64bit pref]
[Wed Mar  1 17:38:28 2023] pci 0000:4a:00.0: [1000:c010] type 01 class 0x060400
[Wed Mar  1 17:38:28 2023] pci 0000:4a:00.0: PME# supported from D0 D3hot D3cold
[Wed Mar  1 17:38:28 2023] pci 0000:44:02.0: PCI bridge to [bus 4a-4c]
[Wed Mar  1 17:38:28 2023] pci 0000:44:02.0:   bridge window [mem 0xb8000000-0xb8ffffff]
[Wed Mar  1 17:38:28 2023] pci 0000:44:02.0:   bridge window [mem 0x16000000000-0x18001ffffff 64bit pref]
[Wed Mar  1 17:38:28 2023] pci 0000:4b:00.0: [1000:c010] type 01 class 0x060400
[Wed Mar  1 17:38:28 2023] pci 0000:4b:00.0: PME# supported from D0 D3hot D3cold
[Wed Mar  1 17:38:28 2023] pci 0000:4a:00.0: PCI bridge to [bus 4b-4c]
[Wed Mar  1 17:38:28 2023] pci 0000:4a:00.0:   bridge window [mem 0xb8000000-0xb8ffffff]
[Wed Mar  1 17:38:28 2023] pci 0000:4a:00.0:   bridge window [mem 0x16000000000-0x18001ffffff 64bit pref]
[Wed Mar  1 17:38:28 2023] pci 0000:4c:00.0: [10de:20b2] type 00 class 0x030200
[Wed Mar  1 17:38:28 2023] pci 0000:4c:00.0: reg 0x10: [mem 0xb8000000-0xb8ffffff]
[Wed Mar  1 17:38:28 2023] pci 0000:4c:00.0: reg 0x14: [mem 0x16000000000-0x17fffffffff 64bit pref]
[Wed Mar  1 17:38:28 2023] pci 0000:4c:00.0: reg 0x1c: [mem 0x18000000000-0x18001ffffff 64bit pref]
[Wed Mar  1 17:38:28 2023] pci 0000:4c:00.0: Enabling HDA controller
[Wed Mar  1 17:38:28 2023] pci 0000:4c:00.0: PME# supported from D0 D3hot
[Wed Mar  1 17:38:28 2023] pci 0000:4c:00.0: reg 0xbf0: [mem 0x00000000-0x0003ffff]
[Wed Mar  1 17:38:28 2023] pci 0000:4c:00.0: VF(n) BAR0 space: [mem 0x00000000-0x004fffff] (contains BAR0 for 20 VFs)
[Wed Mar  1 17:38:28 2023] pci 0000:4c:00.0: reg 0xbf4: [mem 0x00000000-0xffffffff 64bit pref]
[Wed Mar  1 17:38:28 2023] pci 0000:4c:00.0: VF(n) BAR1 space: [mem 0x00000000-0x13ffffffff 64bit pref] (contains BAR1 for 20 VFs)
[Wed Mar  1 17:38:28 2023] pci 0000:4c:00.0: reg 0xbfc: [mem 0x00000000-0x01ffffff 64bit pref]
[Wed Mar  1 17:38:28 2023] pci 0000:4c:00.0: VF(n) BAR3 space: [mem 0x00000000-0x27ffffff 64bit pref] (contains BAR3 for 20 VFs)
[Wed Mar  1 17:38:28 2023] pci 0000:4b:00.0: PCI bridge to [bus 4c]
[Wed Mar  1 17:38:28 2023] pci 0000:4b:00.0:   bridge window [mem 0xb8000000-0xb8ffffff]
[Wed Mar  1 17:38:28 2023] pci 0000:4b:00.0:   bridge window [mem 0x16000000000-0x18001ffffff 64bit pref]
[Wed Mar  1 17:38:28 2023] pci 0000:44:03.0: PCI bridge to [bus 4d]
[Wed Mar  1 17:38:28 2023] pci 0000:44:04.0: PCI bridge to [bus 4e]
[Wed Mar  1 17:38:28 2023] pci 0000:42:00.0: [1022:148a] type 00 class 0x130000
[Wed Mar  1 17:38:28 2023] pci 0000:42:00.0: enabling Extended Tags
[Wed Mar  1 17:38:28 2023] pci 0000:42:00.2: [1022:1498] type 00 class 0x108000
[Wed Mar  1 17:38:28 2023] pci 0000:42:00.2: reg 0x18: [mem 0xba100000-0xba17ffff]
[Wed Mar  1 17:38:28 2023] pci 0000:42:00.2: reg 0x24: [mem 0xba180000-0xba181fff]
[Wed Mar  1 17:38:28 2023] pci 0000:42:00.2: enabling Extended Tags
[Wed Mar  1 17:38:28 2023] pci 0000:40:07.1: PCI bridge to [bus 42]
[Wed Mar  1 17:38:28 2023] pci 0000:40:07.1:   bridge window [mem 0xba100000-0xba1fffff]
[Wed Mar  1 17:38:28 2023] pci 0000:41:00.0: [1022:1485] type 00 class 0x130000
[Wed Mar  1 17:38:28 2023] pci 0000:41:00.0: enabling Extended Tags
[Wed Mar  1 17:38:28 2023] pci 0000:41:00.2: [1022:1498] type 00 class 0x108000
[Wed Mar  1 17:38:28 2023] pci 0000:41:00.2: reg 0x18: [mem 0xba000000-0xba07ffff]
[Wed Mar  1 17:38:28 2023] pci 0000:41:00.2: reg 0x24: [mem 0xba080000-0xba081fff]
[Wed Mar  1 17:38:28 2023] pci 0000:41:00.2: enabling Extended Tags
[Wed Mar  1 17:38:28 2023] pci 0000:40:08.1: PCI bridge to [bus 41]
[Wed Mar  1 17:38:28 2023] pci 0000:40:08.1:   bridge window [mem 0xba000000-0xba0fffff]
[Wed Mar  1 17:38:28 2023] pci_bus 0000:40: on NUMA node 1
[Wed Mar  1 17:38:28 2023] ACPI: PCI Root Bridge [PC02] (domain 0000 [bus 20-3f])
[Wed Mar  1 17:38:28 2023] acpi PNP0A08:02: _OSC: OS supports [ExtendedConfig ASPM ClockPM Segments MSI EDR HPX-Type3]
[Wed Mar  1 17:38:28 2023] acpi PNP0A08:02: _OSC: platform does not support [SHPCHotplug AER LTR DPC]
[Wed Mar  1 17:38:28 2023] acpi PNP0A08:02: _OSC: OS now controls [PCIeHotplug PME PCIeCapability]
[Wed Mar  1 17:38:28 2023] acpi PNP0A08:02: FADT indicates ASPM is unsupported, using BIOS configuration
[Wed Mar  1 17:38:28 2023] PCI host bridge to bus 0000:20
[Wed Mar  1 17:38:29 2023] pci_bus 0000:20: root bus resource [io  0x2000-0x2fff window]
[Wed Mar  1 17:38:29 2023] pci_bus 0000:20: root bus resource [mem 0xb1a00000-0xb1cfffff window]
[Wed Mar  1 17:38:29 2023] pci_bus 0000:20: root bus resource [mem 0x19450200000-0x1945020ffff window]
[Wed Mar  1 17:38:29 2023] pci_bus 0000:20: root bus resource [bus 20-3f]
[Wed Mar  1 17:38:29 2023] pci 0000:20:00.0: [1022:1480] type 00 class 0x060000
[Wed Mar  1 17:38:29 2023] pci 0000:20:01.0: [1022:1482] type 00 class 0x060000
[Wed Mar  1 17:38:29 2023] pci 0000:20:01.1: [1022:1483] type 01 class 0x060400
[Wed Mar  1 17:38:29 2023] pci 0000:20:01.1: PME# supported from D0 D3hot D3cold
[Wed Mar  1 17:38:29 2023] pci 0000:20:01.2: [1022:1483] type 01 class 0x060400
[Wed Mar  1 17:38:29 2023] pci 0000:20:01.2: PME# supported from D0 D3hot D3cold
[Wed Mar  1 17:38:29 2023] pci 0000:20:01.3: [1022:1483] type 01 class 0x060400
[Wed Mar  1 17:38:29 2023] pci 0000:20:01.3: PME# supported from D0 D3hot D3cold
[Wed Mar  1 17:38:29 2023] pci 0000:20:01.4: [1022:1483] type 01 class 0x060400
[Wed Mar  1 17:38:29 2023] pci 0000:20:01.4: PME# supported from D0 D3hot D3cold
[Wed Mar  1 17:38:29 2023] pci 0000:20:02.0: [1022:1482] type 00 class 0x060000
[Wed Mar  1 17:38:29 2023] pci 0000:20:03.0: [1022:1482] type 00 class 0x060000
[Wed Mar  1 17:38:29 2023] pci 0000:20:04.0: [1022:1482] type 00 class 0x060000
[Wed Mar  1 17:38:29 2023] pci 0000:20:05.0: [1022:1482] type 00 class 0x060000
[Wed Mar  1 17:38:29 2023] pci 0000:20:07.0: [1022:1482] type 00 class 0x060000
[Wed Mar  1 17:38:29 2023] pci 0000:20:07.1: [1022:1484] type 01 class 0x060400
[Wed Mar  1 17:38:29 2023] pci 0000:20:07.1: enabling Extended Tags
[Wed Mar  1 17:38:29 2023] pci 0000:20:07.1: PME# supported from D0 D3hot D3cold
[Wed Mar  1 17:38:29 2023] pci 0000:20:08.0: [1022:1482] type 00 class 0x060000
[Wed Mar  1 17:38:29 2023] pci 0000:20:08.1: [1022:1484] type 01 class 0x060400
[Wed Mar  1 17:38:29 2023] pci 0000:20:08.1: enabling Extended Tags
[Wed Mar  1 17:38:29 2023] pci 0000:20:08.1: PME# supported from D0 D3hot D3cold
[Wed Mar  1 17:38:29 2023] pci 0000:20:01.1: PCI bridge to [bus 23]
[Wed Mar  1 17:38:29 2023] pci 0000:20:01.2: PCI bridge to [bus 24]
[Wed Mar  1 17:38:29 2023] pci 0000:20:01.3: PCI bridge to [bus 25]
[Wed Mar  1 17:38:29 2023] pci 0000:20:01.4: PCI bridge to [bus 26]
[Wed Mar  1 17:38:29 2023] pci 0000:21:00.0: [1022:148a] type 00 class 0x130000
[Wed Mar  1 17:38:29 2023] pci 0000:21:00.0: enabling Extended Tags
[Wed Mar  1 17:38:29 2023] pci 0000:21:00.2: [1022:1498] type 00 class 0x108000
[Wed Mar  1 17:38:29 2023] pci 0000:21:00.2: reg 0x18: [mem 0xb1c00000-0xb1c7ffff]
[Wed Mar  1 17:38:29 2023] pci 0000:21:00.2: reg 0x24: [mem 0xb1c80000-0xb1c81fff]
[Wed Mar  1 17:38:29 2023] pci 0000:21:00.2: enabling Extended Tags
[Wed Mar  1 17:38:29 2023] pci 0000:20:07.1: PCI bridge to [bus 21]
[Wed Mar  1 17:38:29 2023] pci 0000:20:07.1:   bridge window [mem 0xb1c00000-0xb1cfffff]
[Wed Mar  1 17:38:29 2023] pci 0000:22:00.0: [1022:1485] type 00 class 0x130000
[Wed Mar  1 17:38:29 2023] pci 0000:22:00.0: enabling Extended Tags
[Wed Mar  1 17:38:29 2023] pci 0000:22:00.1: [1022:1486] type 00 class 0x108000
[Wed Mar  1 17:38:29 2023] pci 0000:22:00.1: reg 0x18: [mem 0xb1a00000-0xb1afffff]
[Wed Mar  1 17:38:29 2023] pci 0000:22:00.1: reg 0x24: [mem 0xb1b82000-0xb1b83fff]
[Wed Mar  1 17:38:29 2023] pci 0000:22:00.1: enabling Extended Tags
[Wed Mar  1 17:38:29 2023] pci 0000:22:00.2: [1022:1498] type 00 class 0x108000
[Wed Mar  1 17:38:29 2023] pci 0000:22:00.2: reg 0x18: [mem 0xb1b00000-0xb1b7ffff]
[Wed Mar  1 17:38:29 2023] pci 0000:22:00.2: reg 0x24: [mem 0xb1b80000-0xb1b81fff]
[Wed Mar  1 17:38:29 2023] pci 0000:22:00.2: enabling Extended Tags
[Wed Mar  1 17:38:29 2023] pci 0000:20:08.1: PCI bridge to [bus 22]
[Wed Mar  1 17:38:29 2023] pci 0000:20:08.1:   bridge window [mem 0xb1a00000-0xb1bfffff]
[Wed Mar  1 17:38:29 2023] pci_bus 0000:20: on NUMA node 2
[Wed Mar  1 17:38:29 2023] ACPI: PCI Root Bridge [PC03] (domain 0000 [bus 00-1f])
[Wed Mar  1 17:38:29 2023] acpi PNP0A08:03: _OSC: OS supports [ExtendedConfig ASPM ClockPM Segments MSI EDR HPX-Type3]
[Wed Mar  1 17:38:29 2023] acpi PNP0A08:03: _OSC: platform does not support [SHPCHotplug AER LTR DPC]
[Wed Mar  1 17:38:29 2023] acpi PNP0A08:03: _OSC: OS now controls [PCIeHotplug PME PCIeCapability]
[Wed Mar  1 17:38:29 2023] acpi PNP0A08:03: FADT indicates ASPM is unsupported, using BIOS configuration
[Wed Mar  1 17:38:29 2023] PCI host bridge to bus 0000:00
[Wed Mar  1 17:38:29 2023] pci_bus 0000:00: root bus resource [io  0x0000-0x03af window]
[Wed Mar  1 17:38:29 2023] pci_bus 0000:00: root bus resource [io  0x03e0-0x0cf7 window]
[Wed Mar  1 17:38:29 2023] pci_bus 0000:00: root bus resource [io  0x0d00-0x0fff window]
[Wed Mar  1 17:38:29 2023] pci_bus 0000:00: root bus resource [io  0x1000-0x1fff window]
[Wed Mar  1 17:38:29 2023] pci_bus 0000:00: root bus resource [mem 0xcc000000-0xd38fffff window]
[Wed Mar  1 17:38:29 2023] pci_bus 0000:00: root bus resource [mem 0x1a000000000-0x2142a3fffff window]
[Wed Mar  1 17:38:29 2023] pci_bus 0000:00: root bus resource [bus 00-1f]
[Wed Mar  1 17:38:29 2023] pci 0000:00:00.0: [1022:1480] type 00 class 0x060000
[Wed Mar  1 17:38:29 2023] pci 0000:00:01.0: [1022:1482] type 00 class 0x060000
[Wed Mar  1 17:38:29 2023] pci 0000:00:01.1: [1022:1483] type 01 class 0x060400
[Wed Mar  1 17:38:29 2023] pci 0000:00:01.1: PME# supported from D0 D3hot D3cold
[Wed Mar  1 17:38:29 2023] pci 0000:00:02.0: [1022:1482] type 00 class 0x060000
[Wed Mar  1 17:38:29 2023] pci 0000:00:03.0: [1022:1482] type 00 class 0x060000
[Wed Mar  1 17:38:29 2023] pci 0000:00:04.0: [1022:1482] type 00 class 0x060000
[Wed Mar  1 17:38:29 2023] pci 0000:00:05.0: [1022:1482] type 00 class 0x060000
[Wed Mar  1 17:38:29 2023] pci 0000:00:07.0: [1022:1482] type 00 class 0x060000
[Wed Mar  1 17:38:29 2023] pci 0000:00:07.1: [1022:1484] type 01 class 0x060400
[Wed Mar  1 17:38:29 2023] pci 0000:00:07.1: enabling Extended Tags
[Wed Mar  1 17:38:29 2023] pci 0000:00:07.1: PME# supported from D0 D3hot D3cold
[Wed Mar  1 17:38:29 2023] pci 0000:00:08.0: [1022:1482] type 00 class 0x060000
[Wed Mar  1 17:38:29 2023] pci 0000:00:08.1: [1022:1484] type 01 class 0x060400
[Wed Mar  1 17:38:29 2023] pci 0000:00:08.1: enabling Extended Tags
[Wed Mar  1 17:38:29 2023] pci 0000:00:08.1: PME# supported from D0 D3hot D3cold
[Wed Mar  1 17:38:29 2023] pci 0000:00:14.0: [1022:790b] type 00 class 0x0c0500
[Wed Mar  1 17:38:29 2023] pci 0000:00:14.3: [1022:790e] type 00 class 0x060100
[Wed Mar  1 17:38:29 2023] pci 0000:00:18.0: [1022:1650] type 00 class 0x060000
[Wed Mar  1 17:38:29 2023] pci 0000:00:18.1: [1022:1651] type 00 class 0x060000
[Wed Mar  1 17:38:29 2023] pci 0000:00:18.2: [1022:1652] type 00 class 0x060000
[Wed Mar  1 17:38:29 2023] pci 0000:00:18.3: [1022:1653] type 00 class 0x060000
[Wed Mar  1 17:38:29 2023] pci 0000:00:18.4: [1022:1654] type 00 class 0x060000
[Wed Mar  1 17:38:29 2023] pci 0000:00:18.5: [1022:1655] type 00 class 0x060000
[Wed Mar  1 17:38:29 2023] pci 0000:00:18.6: [1022:1656] type 00 class 0x060000
[Wed Mar  1 17:38:29 2023] pci 0000:00:18.7: [1022:1657] type 00 class 0x060000
[Wed Mar  1 17:38:29 2023] pci 0000:00:19.0: [1022:1650] type 00 class 0x060000
[Wed Mar  1 17:38:29 2023] pci 0000:00:19.1: [1022:1651] type 00 class 0x060000
[Wed Mar  1 17:38:29 2023] pci 0000:00:19.2: [1022:1652] type 00 class 0x060000
[Wed Mar  1 17:38:29 2023] pci 0000:00:19.3: [1022:1653] type 00 class 0x060000
[Wed Mar  1 17:38:29 2023] pci 0000:00:19.4: [1022:1654] type 00 class 0x060000
[Wed Mar  1 17:38:29 2023] pci 0000:00:19.5: [1022:1655] type 00 class 0x060000
[Wed Mar  1 17:38:29 2023] pci 0000:00:19.6: [1022:1656] type 00 class 0x060000
[Wed Mar  1 17:38:29 2023] pci 0000:00:19.7: [1022:1657] type 00 class 0x060000
[Wed Mar  1 17:38:29 2023] pci 0000:03:00.0: [11f8:4000] type 01 class 0x060400
[Wed Mar  1 17:38:29 2023] pci 0000:03:00.0: enabling Extended Tags
[Wed Mar  1 17:38:29 2023] pci 0000:03:00.0: PME# supported from D0 D3hot D3cold
[Wed Mar  1 17:38:29 2023] pci 0000:03:00.1: [11f8:4000] type 00 class 0x058000
[Wed Mar  1 17:38:29 2023] pci 0000:03:00.1: reg 0x10: [mem 0x20002000000-0x200023fffff 64bit pref]
[Wed Mar  1 17:38:29 2023] pci 0000:03:00.1: enabling Extended Tags
[Wed Mar  1 17:38:29 2023] pci 0000:03:00.1: PME# supported from D0 D3hot D3cold
[Wed Mar  1 17:38:29 2023] pci 0000:00:01.1: PCI bridge to [bus 03-0e]
[Wed Mar  1 17:38:29 2023] pci 0000:00:01.1:   bridge window [mem 0xcc000000-0xd1ffffff]
[Wed Mar  1 17:38:29 2023] pci 0000:00:01.1:   bridge window [mem 0x1a000000000-0x200023fffff 64bit pref]
[Wed Mar  1 17:38:29 2023] pci 0000:04:00.0: [11f8:4000] type 01 class 0x060400
[Wed Mar  1 17:38:29 2023] pci 0000:04:00.0: enabling Extended Tags
[Wed Mar  1 17:38:29 2023] pci 0000:04:00.0: PME# supported from D0 D3hot D3cold
[Wed Mar  1 17:38:29 2023] pci 0000:04:01.0: [11f8:4000] type 01 class 0x060400
[Wed Mar  1 17:38:29 2023] pci 0000:04:01.0: enabling Extended Tags
[Wed Mar  1 17:38:29 2023] pci 0000:04:01.0: PME# supported from D0 D3hot D3cold
[Wed Mar  1 17:38:29 2023] pci 0000:04:02.0: [11f8:4000] type 01 class 0x060400
[Wed Mar  1 17:38:29 2023] pci 0000:04:02.0: enabling Extended Tags
[Wed Mar  1 17:38:29 2023] pci 0000:04:02.0: PME# supported from D0 D3hot D3cold
[Wed Mar  1 17:38:29 2023] pci 0000:04:03.0: [11f8:4000] type 01 class 0x060400
[Wed Mar  1 17:38:29 2023] pci 0000:04:03.0: enabling Extended Tags
[Wed Mar  1 17:38:29 2023] pci 0000:04:03.0: PME# supported from D0 D3hot D3cold
[Wed Mar  1 17:38:29 2023] pci 0000:04:04.0: [11f8:4000] type 01 class 0x060400
[Wed Mar  1 17:38:29 2023] pci 0000:04:04.0: enabling Extended Tags
[Wed Mar  1 17:38:29 2023] pci 0000:04:04.0: PME# supported from D0 D3hot D3cold
[Wed Mar  1 17:38:29 2023] pci 0000:03:00.0: PCI bridge to [bus 04-0e]
[Wed Mar  1 17:38:29 2023] pci 0000:03:00.0:   bridge window [mem 0xcc000000-0xd1ffffff]
[Wed Mar  1 17:38:29 2023] pci 0000:03:00.0:   bridge window [mem 0x1a000000000-0x20001ffffff 64bit pref]
[Wed Mar  1 17:38:29 2023] pci 0000:05:00.0: [1000:c010] type 01 class 0x060400
[Wed Mar  1 17:38:29 2023] pci 0000:05:00.0: PME# supported from D0 D3hot D3cold
[Wed Mar  1 17:38:29 2023] pci 0000:04:00.0: PCI bridge to [bus 05-08]
[Wed Mar  1 17:38:29 2023] pci 0000:04:00.0:   bridge window [mem 0xd1000000-0xd1ffffff]
[Wed Mar  1 17:38:29 2023] pci 0000:04:00.0:   bridge window [mem 0x1a000000000-0x1c0020fffff 64bit pref]
[Wed Mar  1 17:38:29 2023] pci 0000:06:00.0: [1000:c010] type 01 class 0x060400
[Wed Mar  1 17:38:29 2023] pci 0000:06:00.0: PME# supported from D0 D3hot D3cold
[Wed Mar  1 17:38:29 2023] pci 0000:06:1f.0: [1000:c010] type 01 class 0x060400
[Wed Mar  1 17:38:29 2023] pci 0000:06:1f.0: PME# supported from D0 D3hot D3cold
[Wed Mar  1 17:38:29 2023] pci 0000:05:00.0: PCI bridge to [bus 06-08]
[Wed Mar  1 17:38:29 2023] pci 0000:05:00.0:   bridge window [mem 0xd1000000-0xd1ffffff]
[Wed Mar  1 17:38:29 2023] pci 0000:05:00.0:   bridge window [mem 0x1a000000000-0x1c0020fffff 64bit pref]
[Wed Mar  1 17:38:29 2023] pci 0000:07:00.0: [10de:20b2] type 00 class 0x030200
[Wed Mar  1 17:38:29 2023] pci 0000:07:00.0: reg 0x10: [mem 0xd1000000-0xd1ffffff]
[Wed Mar  1 17:38:29 2023] pci 0000:07:00.0: reg 0x14: [mem 0x1a000000000-0x1bfffffffff 64bit pref]
[Wed Mar  1 17:38:29 2023] pci 0000:07:00.0: reg 0x1c: [mem 0x1c000000000-0x1c001ffffff 64bit pref]
[Wed Mar  1 17:38:29 2023] pci 0000:07:00.0: Enabling HDA controller
[Wed Mar  1 17:38:29 2023] pci 0000:07:00.0: PME# supported from D0 D3hot
[Wed Mar  1 17:38:29 2023] pci 0000:07:00.0: reg 0xbf0: [mem 0x00000000-0x0003ffff]
[Wed Mar  1 17:38:29 2023] pci 0000:07:00.0: VF(n) BAR0 space: [mem 0x00000000-0x004fffff] (contains BAR0 for 20 VFs)
[Wed Mar  1 17:38:29 2023] pci 0000:07:00.0: reg 0xbf4: [mem 0x00000000-0xffffffff 64bit pref]
[Wed Mar  1 17:38:29 2023] pci 0000:07:00.0: VF(n) BAR1 space: [mem 0x00000000-0x13ffffffff 64bit pref] (contains BAR1 for 20 VFs)
[Wed Mar  1 17:38:29 2023] pci 0000:07:00.0: reg 0xbfc: [mem 0x00000000-0x01ffffff 64bit pref]
[Wed Mar  1 17:38:29 2023] pci 0000:07:00.0: VF(n) BAR3 space: [mem 0x00000000-0x27ffffff 64bit pref] (contains BAR3 for 20 VFs)
[Wed Mar  1 17:38:30 2023] pci 0000:06:00.0: PCI bridge to [bus 07]
[Wed Mar  1 17:38:30 2023] pci 0000:06:00.0:   bridge window [mem 0xd1000000-0xd1ffffff]
[Wed Mar  1 17:38:30 2023] pci 0000:06:00.0:   bridge window [mem 0x1a000000000-0x1c001ffffff 64bit pref]
[Wed Mar  1 17:38:30 2023] pci 0000:08:00.0: [1000:00b2] type 00 class 0x010700
[Wed Mar  1 17:38:30 2023] pci 0000:08:00.0: reg 0x10: [mem 0x1c002000000-0x1c002003fff 64bit pref]
[Wed Mar  1 17:38:30 2023] pci 0000:08:00.0: PME# supported from D0 D3hot D3cold
[Wed Mar  1 17:38:30 2023] pci 0000:06:1f.0: PCI bridge to [bus 08]
[Wed Mar  1 17:38:30 2023] pci 0000:06:1f.0:   bridge window [mem 0x1c002000000-0x1c0020fffff 64bit pref]
[Wed Mar  1 17:38:30 2023] pci 0000:09:00.0: [1000:c010] type 01 class 0x060400
[Wed Mar  1 17:38:30 2023] pci 0000:09:00.0: PME# supported from D0 D3hot D3cold
[Wed Mar  1 17:38:30 2023] pci 0000:04:01.0: PCI bridge to [bus 09-0b]
[Wed Mar  1 17:38:30 2023] pci 0000:04:01.0:   bridge window [mem 0xd0000000-0xd0ffffff]
[Wed Mar  1 17:38:30 2023] pci 0000:04:01.0:   bridge window [mem 0x1e000000000-0x20001ffffff 64bit pref]
[Wed Mar  1 17:38:30 2023] pci 0000:0a:00.0: [1000:c010] type 01 class 0x060400
[Wed Mar  1 17:38:30 2023] pci 0000:0a:00.0: PME# supported from D0 D3hot D3cold
[Wed Mar  1 17:38:30 2023] pci 0000:09:00.0: PCI bridge to [bus 0a-0b]
[Wed Mar  1 17:38:30 2023] pci 0000:09:00.0:   bridge window [mem 0xd0000000-0xd0ffffff]
[Wed Mar  1 17:38:30 2023] pci 0000:09:00.0:   bridge window [mem 0x1e000000000-0x20001ffffff 64bit pref]
[Wed Mar  1 17:38:30 2023] pci 0000:0b:00.0: [10de:20b2] type 00 class 0x030200
[Wed Mar  1 17:38:30 2023] pci 0000:0b:00.0: reg 0x10: [mem 0xd0000000-0xd0ffffff]
[Wed Mar  1 17:38:30 2023] pci 0000:0b:00.0: reg 0x14: [mem 0x1e000000000-0x1ffffffffff 64bit pref]
[Wed Mar  1 17:38:30 2023] pci 0000:0b:00.0: reg 0x1c: [mem 0x20000000000-0x20001ffffff 64bit pref]
[Wed Mar  1 17:38:30 2023] pci 0000:0b:00.0: Enabling HDA controller
[Wed Mar  1 17:38:30 2023] pci 0000:0b:00.0: PME# supported from D0 D3hot
[Wed Mar  1 17:38:30 2023] pci 0000:0b:00.0: reg 0xbf0: [mem 0x00000000-0x0003ffff]
[Wed Mar  1 17:38:30 2023] pci 0000:0b:00.0: VF(n) BAR0 space: [mem 0x00000000-0x004fffff] (contains BAR0 for 20 VFs)
[Wed Mar  1 17:38:30 2023] pci 0000:0b:00.0: reg 0xbf4: [mem 0x00000000-0xffffffff 64bit pref]
[Wed Mar  1 17:38:30 2023] pci 0000:0b:00.0: VF(n) BAR1 space: [mem 0x00000000-0x13ffffffff 64bit pref] (contains BAR1 for 20 VFs)
[Wed Mar  1 17:38:30 2023] pci 0000:0b:00.0: reg 0xbfc: [mem 0x00000000-0x01ffffff 64bit pref]
[Wed Mar  1 17:38:30 2023] pci 0000:0b:00.0: VF(n) BAR3 space: [mem 0x00000000-0x27ffffff 64bit pref] (contains BAR3 for 20 VFs)
[Wed Mar  1 17:38:30 2023] pci 0000:0a:00.0: PCI bridge to [bus 0b]
[Wed Mar  1 17:38:30 2023] pci 0000:0a:00.0:   bridge window [mem 0xd0000000-0xd0ffffff]
[Wed Mar  1 17:38:30 2023] pci 0000:0a:00.0:   bridge window [mem 0x1e000000000-0x20001ffffff 64bit pref]
[Wed Mar  1 17:38:30 2023] pci 0000:04:02.0: PCI bridge to [bus 0c]
[Wed Mar  1 17:38:30 2023] pci 0000:04:03.0: PCI bridge to [bus 0d]
[Wed Mar  1 17:38:30 2023] pci 0000:0e:00.0: [8086:24f0] type 00 class 0x020800
[Wed Mar  1 17:38:30 2023] pci 0000:0e:00.0: reg 0x10: [mem 0xcc000000-0xcfffffff 64bit]
[Wed Mar  1 17:38:30 2023] pci 0000:0e:00.0: reg 0x30: [mem 0x00000000-0x0001ffff pref]
[Wed Mar  1 17:38:30 2023] pci 0000:0e:00.0: PME# supported from D0
[Wed Mar  1 17:38:30 2023] pci 0000:04:04.0: PCI bridge to [bus 0e]
[Wed Mar  1 17:38:30 2023] pci 0000:04:04.0:   bridge window [mem 0xcc000000-0xcfffffff]
[Wed Mar  1 17:38:30 2023] pci 0000:01:00.0: [1022:148a] type 00 class 0x130000
[Wed Mar  1 17:38:30 2023] pci 0000:01:00.0: enabling Extended Tags
